Script started on 2020-04-09 18:06:18-0700
schwena3@cf405-17:~/CSCI241/Lab1$ git clone ^V[K[K https://github.com/csci241-20s/lab-1-Alex-Schwendeman
Cloning into 'lab-1-Alex-Schwendeman'...
remote: Enumerating objects: 14, done.[K
remote: Counting objects:   7% (1/14)[Kremote: Counting objects:  14% (2/14)[Kremote: Counting objects:  21% (3/14)[Kremote: Counting objects:  28% (4/14)[Kremote: Counting objects:  35% (5/14)[Kremote: Counting objects:  42% (6/14)[Kremote: Counting objects:  50% (7/14)[Kremote: Counting objects:  57% (8/14)[Kremote: Counting objects:  64% (9/14)[Kremote: Counting objects:  71% (10/14)[Kremote: Counting objects:  78% (11/14)[Kremote: Counting objects:  85% (12/14)[Kremote: Counting objects:  92% (13/14)[Kremote: Counting objects: 100% (14/14)[Kremote: Counting objects: 100% (14/14), done.[K
remote: Compressing objects:  12% (1/8)[Kremote: Compressing objects:  25% (2/8)[Kremote: Compressing objects:  37% (3/8)[Kremote: Compressing objects:  50% (4/8)[Kremote: Compressing objects:  62% (5/8)[Kremote: Compressing objects:  75% (6/8)[Kremote: Compressing objects:  87% (7/8)[Kremote: Compressing objects: 100% (8/8)[Kremote: Compressing objects: 100% (8/8), done.[K
remote: Total 14 (delta 2), reused 0 (delta 0), pack-reused 0[K
Unpacking objects:   7% (1/14)   Unpacking objects:  14% (2/14)   Unpacking objects:  21% (3/14)   Unpacking objects:  28% (4/14)   Unpacking objects:  35% (5/14)   Unpacking objects:  42% (6/14)   Unpacking objects:  50% (7/14)   Unpacking objects:  57% (8/14)   Unpacking objects:  64% (9/14)   Unpacking objects:  71% (10/14)   Unpacking objects:  78% (11/14)   Unpacking objects:  85% (12/14)   Unpacking objects:  92% (13/14)   Unpacking objects: 100% (14/14)   Unpacking objects: 100% (14/14), done.
schwena3@cf405-17:~/CSCI241/Lab1$ ls
lab-1-Alex-Schwendeman	typescript
schwena3@cf405-17:~/CSCI241/Lab1$ git config --gloa[Kbal user.name "Alex Schwendeman"
schwena3@cf405-17:~/CSCI241/Lab1$ git config --global s[Kuser.email schwena3@wwu.edu
schwena3@cf405-17:~/CSCI241/Lab1$ touch writeup.txt
schwena3@cf405-17:~/CSCI241/Lab1$ git add writeup.txt # [K[K[K[Kt
fatal: not a git repository (or any parent up to mount point /)
Stopping at filesystem boundary (GIT_DISCOVERY_ACROSS_FILESYSTEM not set).
schwena3@cf405-17:~/CSCI241/Lab1$ ls
lab-1-Alex-Schwendeman	typescript  writeup.txt
schwena3@cf405-17:~/CSCI241/Lab1$ git add writeup.txt
fatal: not a git repository (or any parent up to mount point /)
Stopping at filesystem boundary (GIT_DISCOVERY_ACROSS_FILESYSTEM not set).
schwena3@cf405-17:~/CSCI241/Lab1$ "git add help[K[K[K[K[K[K[K[K[K[K[K[K[Kgit help add
[?1049h[22;0;0t[?1h=GIT-ADD(1)                                            Git Manual                                           GIT-ADD(1)[m
[m
[1mNAME[0m[m
       git-add - Add file contents to the index[m
[m
[1mSYNOPSIS[0m[m
       [4mgit[24m [4madd[24m [--verbose | -v] [--dry-run | -n] [--force | -f] [--interactive | -i] [--patch | -p][m
                 [--edit | -e] [--[no-]all | --[no-]ignore-removal | [--update | -u]][m
                 [--intent-to-add | -N] [--refresh] [--ignore-errors] [--ignore-missing] [--renormalize][m
                 [--chmod=(+|-)x] [--] [<pathspec>...][m
[m
[1mDESCRIPTION[0m[m
       This command updates the index using the current content found in the working tree, to prepare the content[m
       staged for the next commit. It typically adds the current content of existing paths as a whole, but with some[m
       options it can also be used to add content with only part of the changes made to the working tree files[m
       applied, or remove paths that do not exist in the working tree anymore.[m
[m
       The "index" holds a snapshot of the content of the working tree, and it is this snapshot that is taken as the[m
       contents of the next commit. Thus after making any changes to the working tree, and before running the commit[m
       command, you must use the [1madd[0m command to add any new or modified files to the index.[m
[m
       This command can be performed multiple times before a commit. It only adds the content of the specified[m
       file(s) at the time the add command is run; if you want subsequent changes included in the next commit, then[m
       you must run [1mgit[0m [1madd[0m again to add the new content to the index.[m
[m
       The [1mgit[0m [1mstatus[0m command can be used to obtain a summary of which files have changes that are staged for the[m
       next commit.[m
[m
       The [1mgit[0m [1madd[0m command will not add ignored files by default. If any ignored files were explicitly specified on[m
[7m Manual page git-add(1) line 1 (press h for help or q to quit)[27m[K[K[?1l>[?1049l[23;0;0tschwena3@cf405-17:~/CSCI241/Lab1$ exit
exit

Script done on 2020-04-09 18:17:20-0700
Script started on 2020-04-09 20:13:37-0700
schwena3@cf405-19:~/CSCI241/Lab1/lab-1-Alex-Schwendeman$ git add writeup.txt 
schwena3@cf405-19:~/CSCI241/Lab1/lab-1-Alex-Schwendeman$ git commit -m "Added empty writeup"
[master 3ec4857] Added empty writeup
 1 file changed, 0 insertions(+), 0 deletions(-)
 create mode 100644 writeup.txt
schwena3@cf405-19:~/CSCI241/Lab1/lab-1-Alex-Schwendeman$ git push
Username for 'https://github.com': s schwena       Alex-Schwendeman
Password for 'https://Alex-Schwendeman@github.com': 
remote: Invalid username or password.
fatal: Authentication failed for 'https://github.com/csci241-20s/lab-1-Alex-Schwendeman/'
schwena3@cf405-19:~/CSCI241/Lab1/lab-1-Alex-Schwendeman$ git push
Username for 'https://github.com': Alex-Schwendeman
Password for 'https://Alex-Schwendeman@github.com': 
Counting objects: 2, done.
Delta compression using up to 8 threads.
Compressing objects:  50% (1/2)   Compressing objects: 100% (2/2)   Compressing objects: 100% (2/2), done.
Writing objects:  50% (1/2)   Writing objects: 100% (2/2)   Writing objects: 100% (2/2), 272 bytes | 272.00 KiB/s, done.
Total 2 (delta 1), reused 0 (delta 0)
remote: Resolving deltas:   0% (0/1)[Kremote: Resolving deltas: 100% (1/1)[Kremote: Resolving deltas: 100% (1/1), completed with 1 local object.[K
To https://github.com/csci241-20s/lab-1-Alex-Schwendeman
   916ebe5..3ec4857  master -> master
schwena3@cf405-19:~/CSCI241/Lab1/lab-1-Alex-Schwendeman$ nano /path/to/writeup.txt
[?1049h[22;0;0t[1;30r(B[m[4l[?7h[39;49m[?1h=[?1h=[?1h=[?25l[39;49m(B[m[H[2J[28;41H(B[0;7m[ Directory '/path/to' does not exist ](B[m[H(B[0;7m  GNU nano 2.9.3                                     /path/to/writeup.txt                                               [1;119H(B[m[29d(B[0;7m^G(B[m Get Help    (B[0;7m^O(B[m Write Out   (B[0;7m^W(B[m Where Is    (B[0;7m^K(B[m Cut Text    (B[0;7m^J(B[m Justify     (B[0;7m^C(B[m Cur Pos     (B[0;7mM-U(B[m Undo[106G(B[0;7mM-A(B[m Mark Text[30d(B[0;7m^X(B[m Exit[30;16H(B[0;7m^R(B[m Read File   (B[0;7m^\(B[m Replace     (B[0;7m^U(B[m Uncut Text  (B[0;7m^T(B[m To Spell    (B[0;7m^_(B[m Go To Line  (B[0;7mM-E(B[m Redo[106G(B[0;7mM-6(B[m Copy Text[28d[3d[39;49m(B[m[?12l[?25h[?25l[?12l[?25h[?25l[?12l[?25h[?25l[?12l[?25h[?25l[1;111H(B[0;7mModified(B[m[3d1[?12l[?25h[?25l)[?12l[?25h[?25l [?12l[?25h[?25lA[?12l[?25h[?25ll[?12l[?25h[?25le[?12l[?25h[?25lx[?12l[?25h[?25l [?12l[?25h[?25lS[?12l[?25h[?25lc[?12l[?25h[?25lh[?12l[?25h[?25lw[?12l[?25h[?25le[?12l[?25h[?25ln[?12l[?25h[?25ld[?12l[?25h[?25le[?12l[?25h[?25lm[?12l[?25h[?25la[?12l[?25h[?25ln[?12l[?25h[?25l[?12l[?25h[?25lw[?12l[?25h[?25l [?12l[?25h[?25l[28d[K[29;16H  (B[0;7mM-C(B[m Case Sens    (B[0;7mM-B(B[m Backwards    (B[0;7mM-J(B[m FullJstify   (B[0;7m^W(B[m Beg of Par    (B[0;7m^Y(B[m First Line    (B[0;7m^P(B[m PrevHstory[K[30;2H(B[0;7mC(B[m Cancel[16G  (B[0;7mM-R(B[m Regexp       (B[0;7m^R(B[m Replace       (B[0;7m^T(B[m Go To Line    (B[0;7m^O(B[m End of Par    (B[0;7m^V(B[m Last Line     (B[0;7m^N(B[m NextHstory[K[28d(B[0;7mSearch:                                                                                                                 [28;1H(B[m[28;9H[?12l[?25h[?25l(B[0;7mA(B[m[28;10H[?12l[?25h[?25l(B[0;7ml(B[m[28;11H[?12l[?25h[?25l(B[0;7me(B[m[28;12H[?12l[?25h[?25l(B[0;7mx(B[m[28;13H[?12l[?25h[?25l[28;14H[?12l[?25h[?25l(B[0;7mS(B[m[28;15H[?12l[?25h[?25l(B[0;7mc(B[m[28;16H[?12l[?25h[?25l(B[0;7mh(B[m[28;17H[?12l[?25h[?25l(B[0;7mw(B[m[28;18H[?12l[?25h[?25l(B[0;7me(B[m[28;19H[?12l[?25h[?25l(B[0;7mn(B[m[28;20H[?12l[?25h[?25l(B[0;7md(B[m[28;21H[?12l[?25h[?25l(B[0;7me(B[m[28;22H[?12l[?25h[?25l(B[0;7mm(B[m[28;23H[?12l[?25h[?25l(B[0;7ma(B[m[28;24H[?12l[?25h[?25l(B[0;7mn(B[m[28;25H[?12l[?25h[?25l[28;51H[1K (B[0;7m[ Search Wrapped ](B[m[K[29;16H(B[0;7m^O(B[m Write Out   (B[0;7m^W(B[m Where Is    (B[0;7m^K(B[m Cut Text    (B[0;7m^J(B[m Justify     (B[0;7m^C(B[m Cur Pos     (B[0;7mM-U(B[m Undo       (B[0;7mM-A(B[m Mark Text[30;2H(B[0;7mX(B[m Exit  [16G(B[0;7m^R(B[m Read File   (B[0;7m^\(B[m Replace     (B[0;7m^U(B[m Uncut Text  (B[0;7m^T(B[m To Spell    (B[0;7m^_(B[m Go To Line  (B[0;7mM-E(B[m Redo       (B[0;7mM-6(B[m Copy Text[28d[3;4H[?12l[?25h[?25l[?12l[?25h[?25l [?12l[?25h[?25lA[?12l[?25h[?25ll[?12l[?25h[?25le[?12l[?25h[?25lx[?12l[?25h[?25l [?12l[?25h[?25lS[?12l[?25h[?25lc[?12l[?25h[?25lh[?12l[?25h[?25lw[?12l[?25h[?25le[?12l[?25h[?25ln[?12l[?25h[?25ld[?12l[?25h[?25le[?12l[?25h[?25lm[?12l[?25h[?25la[?12l[?25h[?25ln[?12l[?25h[?25l[4d[?12l[?25h[?25l[?12l[?25h[?25l[?12l[?25h[?25l[?12l[?25h[?25l[?12l[?25h[?25l[3;20H[?12l[?25h[?25l[?12l[?25h[?25l[28d[K[3;18H[?12l[?25h[?25l[?12l[?25h[?25l[?12l[?25h[?25l[?12l[?25h[?25l[?12l[?25h[?25l[?12l[?25h[?25l[?12l[?25h[?25l[?12l[?25h[?25l[?12l[?25h[?25l[?12l[?25h[?25l[?12l[?25h[?25l[?12l[?25h[?25l[?12l[?25h[?25l[?12l[?25h[?25l[?12l[?25h[?25l[?12l[?25h[?25l[?12l[?25h[?25l[?12l[?25h[?25l[?12l[?25h[?25l[?12l[?25h[?25l[?12l[?25h[?25l[?12l[?25h[?25l1[?12l[?25h[?25l)[?12l[?25h[?25l [?12l[?25h[?25lA[?12l[?25h[?25ll[?12l[?25h[?25le[?12l[?25h[?25lx[?12l[?25h[?25l [?12l[?25h[?25lS[?12l[?25h[?25lc[?12l[?25h[?25lh[?12l[?25h[?25lw[?12l[?25h[?25le[?12l[?25h[?25ln[?12l[?25h[?25ld[?12l[?25h[?25le[?12l[?25h[?25lm[?12l[?25h[?25la[?12l[?25h[?25ln[?12l[?25h[?25l[4d[?12l[?25h[?25l[?12l[?25h[?25l[?12l[?25h[?25l[?12l[?25h[?25l[3;20H[?12l[?25h[?25l [?12l[?25h[?25ln[?12l[?25h[?25l[28d(B[0;7mSave modified buffer?  (Answering "No" will DISCARD changes.)                                                           [29;1H Y(B[m Yes[K[30d(B[0;7m N(B[m No  [30;16H (B[0;7m^C(B[m Cancel[K[28;63H[?12l[?25h[?25l[29d(B[0;7m^G(B[m Get Help[29;31H(B[0;7mM-D(B[m DOS Format[29;61H(B[0;7mM-A(B[m Append[29;91H(B[0;7mM-B(B[m Backup File[30d(B[0;7m^C(B[m Cancel[17G[14X[30;31H(B[0;7mM-M(B[m Mac Format[30;61H(B[0;7mM-P(B[m Prepend[30;91H(B[0;7m^T(B[m To Files[28d(B[0;7mFile Name to Write: /path/to/writeup.txt                     (B[m[28;41H[?12l[?25h[?25l[K[1;119H[28;28H(B[0;7m[ Error writing /path/to/writeup.txt: No such file or directory ](B[m[29;16H(B[0;7m^O(B[m Write Out   (B[0;7m^W(B[m Where Is    (B[0;7m^K(B[m Cut Text    (B[0;7m^J(B[m Justify     (B[0;7m^C(B[m Cur Pos[93G(B[0;7mU(B[m Undo       (B[0;7mM-A(B[m Mark Text[30;2H(B[0;7mX(B[m Exit  [16G(B[0;7m^R(B[m Read File   (B[0;7m^\(B[m Replace     (B[0;7m^U(B[m Uncut Text  (B[0;7m^T(B[m To Spell    (B[0;7m^_(B[m Go To Line  (B[0;7mM-E(B[m Redo       (B[0;7mM-6(B[m Copy Text[28d[3;20H[?12l[?25h[?25l[28d(B[0;7mSave modified buffer?  (Answering "No" will DISCARD changes.)                                                           [29;1H Y(B[m Yes[K[30d(B[0;7m N(B[m No  [30;16H (B[0;7m^C(B[m Cancel[K[28;63H[?12l[?25h[?25l[29d(B[0;7m^G(B[m Get Help[29;31H(B[0;7mM-D(B[m DOS Format[29;61H(B[0;7mM-A(B[m Append[29;91H(B[0;7mM-B(B[m Backup File[30d(B[0;7m^C(B[m Cancel[17G[14X[30;31H(B[0;7mM-M(B[m Mac Format[30;61H(B[0;7mM-P(B[m Prepend[30;91H(B[0;7m^T(B[m To Files[28d(B[0;7mFile Name to Write: /path/to/writeup.txt                     (B[m[28;41H[?12l[?25h[?25l(B[0;7m (B[m[28;40H[?12l[?25h[?25l(B[0;7m (B[m[28;39H[?12l[?25h[?25l(B[0;7m (B[m[28;38H[?12l[?25h[?25l(B[0;7m (B[m[28;37H[?12l[?25h[?25l(B[0;7m (B[m[28;36H[?12l[?25h[?25l(B[0;7m (B[m[28;35H[?12l[?25h[?25l(B[0;7m (B[m[28;34H[?12l[?25h[?25l(B[0;7m (B[m[28;33H[?12l[?25h[?25l(B[0;7m (B[m[28;32H[?12l[?25h[?25l(B[0;7m (B[m[28;31H[?12l[?25h[?25l(B[0;7m (B[m[28;30H[?12l[?25h[?25l(B[0;7m (B[m[28;29H[?12l[?25h[?25l(B[0;7m (B[m[28;28H[?12l[?25h[?25l(B[0;7m (B[m[28;27H[?12l[?25h[?25l(B[0;7m (B[m[28;26H[?12l[?25h[?25l(B[0;7m (B[m[28;25H[?12l[?25h[?25l(B[0;7m (B[m[28;24H[?12l[?25h[?25l(B[0;7m (B[m[28;23H[?12l[?25h[?25l(B[0;7m (B[m[28;22H[?12l[?25h[?25l(B[0;7m (B[m[28;21H[?12l[?25h[?25l[28;21H[?12l[?25h[?25l(B[0;7mw(B[m[28;22H[?12l[?25h[?25l(B[0;7mr(B[m[28;23H[?12l[?25h[?25l(B[0;7mi(B[m[28;24H[?12l[?25h[?25l(B[0;7mt(B[m[28;25H[?12l[?25h[?25l(B[0;7me(B[m[28;26H[?12l[?25h[?25l(B[0;7mu(B[m[28;27H[?12l[?25h[?25l(B[0;7mp(B[m[28;28H[?12l[?25h[?25l(B[0;7m.(B[m[28;29H[?12l[?25h[?25l(B[0;7mt(B[m[28;30H[?12l[?25h[?25l(B[0;7mx(B[m[28;31H[?12l[?25h[?25l(B[0;7mt(B[m[28;32H[?12l[?25h[?25l(B[0;7mSave file under DIFFERENT NAME?[29d Y(B[m Yes[K[30d(B[0;7m N(B[m No    [17G(B[0;7m^C(B[m Cancel[K[28;33H[?12l[?25h[?25l[29d(B[0;7m^G(B[m Get Help[29;31H(B[0;7mM-D(B[m DOS Format[29;61H(B[0;7mM-A(B[m Append[29;91H(B[0;7mM-B(B[m Backup File[30d(B[0;7m^C(B[m Cancel[17G[14X[30;31H(B[0;7mM-M(B[m Mac Format[30;61H(B[0;7mM-P(B[m Prepend[30;91H(B[0;7m^T(B[m To Files[28d(B[0;7mFile Name to Write: writeup.txt(B[m[28;32H[?12l[?25h[?25l(B[0;7mSave file under DIFFERENT NAME?[29d Y(B[m Yes[K[30d(B[0;7m N(B[m No    [17G(B[0;7m^C(B[m Cancel[K[28;33H[?12l[?25h[?25l[29d(B[0;7m^G(B[m Get Help[29;31H(B[0;7mM-D(B[m DOS Format[29;61H(B[0;7mM-A(B[m Append[29;91H(B[0;7mM-B(B[m Backup File[30d(B[0;7m^C(B[m Cancel[17G[14X[30;31H(B[0;7mM-M(B[m Mac Format[30;61H(B[0;7mM-P(B[m Prepend[30;91H(B[0;7m^T(B[m To Files[28d(B[0;7mFile Name to Write: writeup.txt(B[m[28;32H[?12l[?25h[?25l[28;32H[?12l[?25h[?25l[28;32H[?12l[?25h[?25l(B[0;7m (B[m[28;31H[?12l[?25h[?25l(B[0;7m (B[m[28;30H[?12l[?25h[?25l(B[0;7m (B[m[28;29H[?12l[?25h[?25l(B[0;7m (B[m[28;28H[?12l[?25h[?25l(B[0;7m (B[m[28;27H[?12l[?25h[?25l(B[0;7m (B[m[28;26H[?12l[?25h[?25l(B[0;7m (B[m[28;25H[?12l[?25h[?25l(B[0;7m (B[m[28;24H[?12l[?25h[?25l(B[0;7m (B[m[28;23H[?12l[?25h[?25l(B[0;7m (B[m[28;22H[?12l[?25h[?25l(B[0;7m (B[m[28;21H[?12l[?25h[?25l[28;21H[?12l[?25h[?25l[28;21H[?12l[?25h[?25l[28;21H[?12l[?25h[?25l(B[0;7m/(B[m[28;22H[?12l[?25h[?25l(B[0;7mp(B[m[28;23H[?12l[?25h[?25l(B[0;7ma(B[m[28;24H[?12l[?25h[?25l(B[0;7mt(B[m[28;25H[?12l[?25h[?25l(B[0;7mh(B[m[28;26H[?12l[?25h[?25l(B[0;7m/(B[m[28;27H[?12l[?25h[?25l(B[0;7mt(B[m[28;28H[?12l[?25h[?25l(B[0;7mo(B[m[28;29H[?12l[?25h[?25l(B[0;7m/(B[m[28;30H[?12l[?25h[?25l(B[0;7mw(B[m[28;31H[?12l[?25h[?25l(B[0;7mr(B[m[28;32H[?12l[?25h[?25l(B[0;7mi(B[m[28;33H[?12l[?25h[?25l(B[0;7mt(B[m[28;34H[?12l[?25h[?25l(B[0;7me(B[m[28;35H[?12l[?25h[?25l(B[0;7mu(B[m[28;36H[?12l[?25h[?25l(B[0;7mp(B[m[28;37H[?12l[?25h[?25l(B[0;7m.(B[m[28;38H[?12l[?25h[?25l(B[0;7mt(B[m[28;39H[?12l[?25h[?25l(B[0;7mx(B[m[28;40H[?12l[?25h[?25l(B[0;7mt(B[m[28;41H[?12l[?25h[?25l(B[0;7m/(B[m[28;42H[?12l[?25h[?25l(B[0;7mSave file under DIFFERENT NAME?          [29d Y(B[m Yes[K[30d(B[0;7m N(B[m No    [17G(B[0;7m^C(B[m Cancel[K[28;33H[?12l[?25h[?25l[1;119H[28;27H[1K (B[0;7m[ Error writing /path/to/writeup.txt/: No such file or directory ](B[m[K[29d(B[0;7m^G(B[m Get Help    (B[0;7m^O(B[m Write Out   (B[0;7m^W(B[m Where Is    (B[0;7m^K(B[m Cut Text    (B[0;7m^J(B[m Justify     (B[0;7m^C(B[m Cur Pos     (B[0;7mM-U(B[m Undo[106G(B[0;7mM-A(B[m Mark Text[30d(B[0;7m^X(B[m Exit[30;16H(B[0;7m^R(B[m Read File   (B[0;7m^\(B[m Replace     (B[0;7m^U(B[m Uncut Text  (B[0;7m^T(B[m To Spell    (B[0;7m^_(B[m Go To Line  (B[0;7mM-E(B[m Redo[106G(B[0;7mM-6(B[m Copy Text[28d[3;20H[?12l[?25h[?25l[28d[K[29;2H(B[0;7mL(B[m Refresh[14X[29;25H(B[0;7m^W(B[m Where Is             (B[0;7m^P(B[m Prev Line            (B[0;7m^Y(B[m Prev Page            (B[0;7mM-\(B[m First Line[K[30;4HClose[16G         (B[0;7mM-W(B[m WhereIs Next        (B[0;7m^N(B[m Next Line            (B[0;7m^V(B[m Next Page            (B[0;7mM-/(B[m Last Line[K[28d[1;3H(B[0;7m              [1;52HMain nano help text   [1;111H        (B[m[3d[39;49m(B[m The nano editor is designed to emulate the functionality and ease-of-use[4d of the UW Pico text editor.  There are four main sections of the editor.[5d The top line shows the program version, the current filename being[6d edited, and whether or not the file has been modified.  Next is the main[7d editor window showing the file being edited.  The status line is the[8d third line from the bottom and shows important messages.  The bottom two[9d lines show the most commonly used shortcuts in the editor.[11d Shortcuts are written as follows: Control-key sequences are notated with[12d a (B[0;1m[31m'^'[39m(B[m and can be entered either by using the Ctrl key or pressing the Esc[13d key twice.  Meta-key sequences are notated with (B[0;1m[31m'M-'[39m(B[m and can be entered[14d using either the Alt, Cmd, or Esc key, depending on your keyboard setup.[15d Also, pressing Esc twice and then typing a three-digit decimal number[16d from 000 to 255 will enter the character with the corresponding value.[17d The following keystrokes are available in the main editor window.[18d Alternative keys are shown in parentheses:[20d[36m^G[39m(B[m    ([36mF1[39m(B[m)[17GDisplay this help text[21d[36m^X[39m(B[m    ([36mF2[39m(B[m)[17GClose the current file buffer / Exit from nano[22d[36m^O[39m(B[m    ([36mF3[39m(B[m)[17GWrite the current file to disk[23d[36m^R[39m(B[m    ([36mF5[39m(B[m)[17GInsert another file into the current one[25d[36m^W[39m(B[m    ([36mF6[39m(B[m)[17GSearch forward for a string or a regular expression[26d[36m^\[39m(B[m    ([36mM-R[39m(B[m)     Replace a string or a regular expression[27d[36m^K[39m(B[m    ([36mF9[39m(B[m)[17GCut the current line and store it in the cutbuffer[3d[29;2H(B[0;7mG(B[m Get Help    (B[0;7m^O(B[m Write Out   (B[0;7m^W(B[m Where Is    (B[0;7m^K(B[m Cut Text    (B[0;7m^J(B[m Justify     (B[0;7m^C(B[m Cur Pos     (B[0;7mM-U(B[m Undo       (B[0;7mM-A(B[m Mark Text[30;4HExit [16G(B[0;7m^R(B[m Read File   (B[0;7m^\(B[m Replace     (B[0;7m^U(B[m Uncut Text  (B[0;7m^T(B[m To Spell    (B[0;7m^_(B[m Go To Line  (B[0;7mM-E(B[m Redo       (B[0;7mM-6(B[m Copy Text[28d[H[2J(B[0;7m                                                   Main nano help text                                                  [3;2H(B[mThe nano editor is designed to emulate the functionality and ease-of-use[4d of the UW Pico text editor.  There are four main sections of the editor.[5d The top line shows the program version, the current filename being[6d edited, and whether or not the file has been modified.  Next is the main[7d editor window showing the file being edited.  The status line is the[8d third line from the bottom and shows important messages.  The bottom two[9d lines show the most commonly used shortcuts in the editor.[11d Shortcuts are written as follows: Control-key sequences are notated with[12d a (B[0;1m[31m'^'[39m(B[m and can be entered either by using the Ctrl key or pressing the Esc[13d key twice.  Meta-key sequences are notated with (B[0;1m[31m'M-'[39m(B[m and can be entered[14d using either the Alt, Cmd, or Esc key, depending on your keyboard setup.[15d Also, pressing Esc twice and then typing a three-digit decimal number[16d from 000 to 255 will enter the character with the corresponding value.[17d The following keystrokes are available in the main editor window.[18d Alternative keys are shown in parentheses:[20d[36m^G[39m(B[m    ([36mF1[39m(B[m)[17GDisplay this help text[21d[36m^X[39m(B[m    ([36mF2[39m(B[m)[17GClose the current file buffer / Exit from nano[22d[36m^O[39m(B[m    ([36mF3[39m(B[m)[17GWrite the current file to disk[23d[36m^R[39m(B[m    ([36mF5[39m(B[m)[17GInsert another file into the current one[25d[36m^W[39m(B[m    ([36mF6[39m(B[m)[17GSearch forward for a string or a regular expression[26d[36m^\[39m(B[m    ([36mM-R[39m(B[m)     Replace a string or a regular expression[27d[36m^K[39m(B[m    ([36mF9[39m(B[m)[17GCut the current line and store it in the cutbuffer[29d(B[0;7m^G(B[m Get Help    (B[0;7m^O(B[m Write Out   (B[0;7m^W(B[m Where Is    (B[0;7m^K(B[m Cut Text    (B[0;7m^J(B[m Justify     (B[0;7m^C(B[m Cur Pos     (B[0;7mM-U(B[m Undo[106G(B[0;7mM-A(B[m Mark Text[30d(B[0;7m^X(B[m Exit[30;16H(B[0;7m^R(B[m Read File   (B[0;7m^\(B[m Replace     (B[0;7m^U(B[m Uncut Text  (B[0;7m^T(B[m To Spell    (B[0;7m^_(B[m Go To Line  (B[0;7mM-E(B[m Redo[106G(B[0;7mM-6(B[m Copy Text[28d[1;3H(B[0;7mGNU nano 2.9.3[1;52H  /path/to/writeup.txt[1;111HModified(B[m[3d[39;49m(B[m1) Alex Schwendeman[K[4d[K[5d[K[6d[K[7d[K[8d[K[9d[K[11d[K[12d[K[13d[K[14d[K[15d[K[16d[K[17d[K[18d[K[20d[K[21d[K[22d[K[23d[K[25d[K[26d[K[27d[K[28d[3;20H[?12l[?25h[?25l[29;16H[15X[29;31H(B[0;7mM-D(B[m DOS Format[16X[29;61H(B[0;7mM-A(B[m Append[15X[29;93H(B[0;7mB(B[m Backup File[K[30;2H(B[0;7mC(B[m Cancel[16G[15X[30;31H(B[0;7mM-M(B[m Mac Format[16X[30;61H(B[0;7mM-P(B[m Prepend[19X[30;91H(B[0;7m^T(B[m To Files[K[28d(B[0;7mFile Name to Write: /path/to/writeup.txt                                                                                [28;1H(B[m[28;41H[?12l[?25h[?25l(B[0;7m (B[m[28;40H[?12l[?25h[?25l(B[0;7m (B[m[28;39H[?12l[?25h[?25l(B[0;7m (B[m[28;38H[?12l[?25h[?25l(B[0;7m (B[m[28;37H[?12l[?25h[?25l(B[0;7m (B[m[28;36H[?12l[?25h[?25l(B[0;7m (B[m[28;35H[?12l[?25h[?25l(B[0;7m (B[m[28;34H[?12l[?25h[?25l(B[0;7m (B[m[28;33H[?12l[?25h[?25l(B[0;7m (B[m[28;32H[?12l[?25h[?25l(B[0;7m (B[m[28;31H[?12l[?25h[?25l(B[0;7m (B[m[28;30H[?12l[?25h[?25l(B[0;7m (B[m[28;29H[?12l[?25h[?25l(B[0;7m (B[m[28;28H[?12l[?25h[?25l(B[0;7m (B[m[28;27H[?12l[?25h[?25l(B[0;7m (B[m[28;26H[?12l[?25h[?25l(B[0;7m (B[m[28;25H[?12l[?25h[?25l(B[0;7m (B[m[28;24H[?12l[?25h[?25l(B[0;7m (B[m[28;23H[?12l[?25h[?25l(B[0;7m (B[m[28;22H[?12l[?25h[?25l(B[0;7m (B[m[28;21H[?12l[?25h[?25l[28;21H[?12l[?25h[?25l(B[0;7mw(B[m[28;22H[?12l[?25h[?25l(B[0;7mr(B[m[28;23H[?12l[?25h[?25l(B[0;7mi(B[m[28;24H[?12l[?25h[?25l(B[0;7mt(B[m[28;25H[?12l[?25h[?25l(B[0;7me(B[m[28;26H[?12l[?25h[?25l(B[0;7mu(B[m[28;27H[?12l[?25h[?25l(B[0;7mp(B[m[28;28H[?12l[?25h[?25l(B[0;7m.(B[m[28;29H[?12l[?25h[?25l(B[0;7mt(B[m[28;30H[?12l[?25h[?25l(B[0;7mx(B[m[28;31H[?12l[?25h[?25l(B[0;7mt(B[m[28;32H[?12l[?25h[?25l(B[0;7mSave file under DIFFERENT NAME?[29d Y(B[m Yes[K[30d(B[0;7m N(B[m No    [17G(B[0;7m^C(B[m Cancel[K[28;33H[?12l[?25h[?25l[29d(B[0;7m^G(B[m Get Help[29;31H(B[0;7mM-D(B[m DOS Format[29;61H(B[0;7mM-A(B[m Append[29;91H(B[0;7mM-B(B[m Backup File[30d(B[0;7m^C(B[m Cancel[17G[14X[30;31H(B[0;7mM-M(B[m Mac Format[30;61H(B[0;7mM-P(B[m Prepend[30;91H(B[0;7m^T(B[m To Files[28d(B[0;7mFile Name to Write: writeup.txt(B[m[28;32H[?12l[?25h[?25l(B[0;7mSave file under DIFFERENT NAME?[29d Y(B[m Yes[K[30d(B[0;7m N(B[m No    [17G(B[0;7m^C(B[m Cancel[K[28;33H[?12l[?25h[?25l(B[0;7mFile "writeup.txt" exists; OVERWRITE? (B[m[?12l[?25h[?25l[1;119H[1;54H[39;49m(B[0;7m    writeup.txt     [1;111H        (B[m[28;52H[1K (B[0;7m[ Wrote 1 line ](B[m[K[29d(B[0;7m^G(B[m Get Help    (B[0;7m^O(B[m Write Out   (B[0;7m^W(B[m Where Is    (B[0;7m^K(B[m Cut Text    (B[0;7m^J(B[m Justify     (B[0;7m^C(B[m Cur Pos     (B[0;7mM-U(B[m Undo[106G(B[0;7mM-A(B[m Mark Text[30d(B[0;7m^X(B[m Exit[30;16H(B[0;7m^R(B[m Read File   (B[0;7m^\(B[m Replace     (B[0;7m^U(B[m Uncut Text  (B[0;7m^T(B[m To Spell    (B[0;7m^_(B[m Go To Line  (B[0;7mM-E(B[m Redo[106G(B[0;7mM-6(B[m Copy Text[28d[3;20H[?12l[?25h[?25l[28d[J[30;120H[?12l[?25h[30;1H[?1049l[23;0;0t[?1l>schwena3@cf405-19:~/CSCI241/Lab1/lab-1-Alex-Schwendeman$ ls
build.gradle  settings.gradle  src  typescript	writeup.txt
schwena3@cf405-19:~/CSCI241/Lab1/lab-1-Alex-Schwendeman$ nanon[K writeup.txt
[?1049h[22;0;0t[1;30r(B[m[4l[?7h[39;49m[?1h=[?1h=[?1h=[?25l[39;49m(B[m[H[2J[28;53H(B[0;7m[ Reading File ](B[m[28;59H(B[0;7m 1 line ](B[m[K[H(B[0;7m  GNU nano 2.9.3                                         writeup.txt                                                    [1;119H(B[m[29d(B[0;7m^G(B[m Get Help    (B[0;7m^O(B[m Write Out   (B[0;7m^W(B[m Where Is    (B[0;7m^K(B[m Cut Text    (B[0;7m^J(B[m Justify     (B[0;7m^C(B[m Cur Pos     (B[0;7mM-U(B[m Undo[106G(B[0;7mM-A(B[m Mark Text[30d(B[0;7m^X(B[m Exit[30;16H(B[0;7m^R(B[m Read File   (B[0;7m^\(B[m Replace     (B[0;7m^U(B[m Uncut Text  (B[0;7m^T(B[m To Spell    (B[0;7m^_(B[m Go To Line  (B[0;7mM-E(B[m Redo[106G(B[0;7mM-6(B[m Copy Text[28d[3d[39;49m(B[m1) Alex Schwendeman[?12l[?25h[?25l[4d[?12l[?25h[?25l[?12l[?25h[?25l[3;20H[?12l[?25h[?25l[4d[?12l[?25h[?25l[3;20H[?12l[?25h[?25l[4d[?12l[?25h[?25l[?12l[?25h[?25l[3;20H[?12l[?25h[?25l[?12l[?25h[?25ln[?12l[?25h[?25l[4d[?12l[?25h[?25l[?12l[?25h[?25l[?12l[?25h[?25l[?12l[?25h[?25l[?12l[?25h[?25l[28d[J[30;120H[?12l[?25h[30;1H[?1049l[23;0;0t[?1l>schwena3@cf405-19:~/CSCI241/Lab1/lab-1-Alex-Schwendeman$ git add writeup.txt
schwena3@cf405-19:~/CSCI241/Lab1/lab-1-Alex-Schwendeman$ git push[K[K[K[Kcommit -m "Added part 1 (names) to writeup"
[master ffd3cea] Added part 1 (names) to writeup
 1 file changed, 1 insertion(+)
schwena3@cf405-19:~/CSCI241/Lab1/lab-1-Alex-Schwendeman$ git status
On branch master
Your branch is ahead of 'origin/master' by 1 commit.
  (use "git push" to publish your local commits)

Untracked files:
  (use "git add <file>..." to include in what will be committed)

	[31mtypescript[m

nothing added to commit but untracked files present (use "git add" to track)
schwena3@cf405-19:~/CSCI241/Lab1/lab-1-Alex-Schwendeman$ ls
build.gradle  settings.gradle  src  typescript	writeup.txt
schwena3@cf405-19:~/CSCI241/Lab1/lab-1-Alex-Schwendeman$ nano writeup.txt
[?1049h[22;0;0t[1;30r(B[m[4l[?7h[39;49m[?1h=[?1h=[?1h=[?25l[39;49m(B[m[H[2J[28;53H(B[0;7m[ Reading File ](B[m[28;59H(B[0;7m 1 line ](B[m[K[H(B[0;7m  GNU nano 2.9.3                                         writeup.txt                                                    [1;119H(B[m[29d(B[0;7m^G(B[m Get Help    (B[0;7m^O(B[m Write Out   (B[0;7m^W(B[m Where Is    (B[0;7m^K(B[m Cut Text    (B[0;7m^J(B[m Justify     (B[0;7m^C(B[m Cur Pos     (B[0;7mM-U(B[m Undo[106G(B[0;7mM-A(B[m Mark Text[30d(B[0;7m^X(B[m Exit[30;16H(B[0;7m^R(B[m Read File   (B[0;7m^\(B[m Replace     (B[0;7m^U(B[m Uncut Text  (B[0;7m^T(B[m To Spell    (B[0;7m^_(B[m Go To Line  (B[0;7mM-E(B[m Redo[106G(B[0;7mM-6(B[m Copy Text[28d[3d[39;49m(B[m1) Alex Schwendeman[?12l[?25h[?25l[4d[?12l[?25h[?25l[1;111H(B[0;7mModified(B[m[4d2[?12l[?25h[?25l)[?12l[?25h[?25l [?12l[?25h[?25lp[?12l[?25h[?25ll[?12l[?25h[?25la[?12l[?25h[?25ly[?12l[?25h[?25li[?12l[?25h[?25ln[?12l[?25h[?25lg[?12l[?25h[?25l [?12l[?25h[?25lS[?12l[?25h[?25lu[?12l[?25h[?25lp[?12l[?25h[?25le[?12l[?25h[?25lr[?12l[?25h[?25l [?12l[?25h[?25lS[?12l[?25h[?25lm[?12l[?25h[?25la[?12l[?25h[?25ls[?12l[?25h[?25lh[?12l[?25h[?25l [?12l[?25h[?25lB[?12l[?25h[?25lr[28d[K[4;26H[?12l[?25h[?25lo[?12l[?25h[?25ls[?12l[?25h[?25l.[?12l[?25h[?25l [?12l[?25h[?25lU[?12l[?25h[?25ll[?12l[?25h[?25lt[?12l[?25h[?25li[?12l[?25h[?25lm[?12l[?25h[?25la[?12l[?25h[?25lt[?12l[?25h[?25le[?12l[?25h[?25l[29;16H[15X[29;31H(B[0;7mM-D(B[m DOS Format[16X[29;61H(B[0;7mM-A(B[m Append[15X[29;93H(B[0;7mB(B[m Backup File[K[30;2H(B[0;7mC(B[m Cancel[16G[15X[30;31H(B[0;7mM-M(B[m Mac Format[16X[30;61H(B[0;7mM-P(B[m Prepend[19X[30;91H(B[0;7m^T(B[m To Files[K[28d(B[0;7mFile Name to Write: writeup.txt                                                                                         [28;1H(B[m[28;32H[?12l[?25h[?25l[K[1;119H[1;111H(B[0;7m        (B[m[28;52H(B[0;7m[ Wrote 2 lines ](B[m[29;16H(B[0;7m^O(B[m Write Out   (B[0;7m^W(B[m Where Is    (B[0;7m^K(B[m Cut Text    (B[0;7m^J(B[m Justify     (B[0;7m^C(B[m Cur Pos[93G(B[0;7mU(B[m Undo       (B[0;7mM-A(B[m Mark Text[30;2H(B[0;7mX(B[m Exit  [16G(B[0;7m^R(B[m Read File   (B[0;7m^\(B[m Replace     (B[0;7m^U(B[m Uncut Text  (B[0;7m^T(B[m To Spell    (B[0;7m^_(B[m Go To Line  (B[0;7mM-E(B[m Redo       (B[0;7mM-6(B[m Copy Text[28d[4;38H[?12l[?25h[?25l[28d[J[30;120H[?12l[?25h[30;1H[?1049l[23;0;0t[?1l>schwena3@cf405-19:~/CSCI241/Lab1/lab-1-Alex-Schwendeman$ git status
On branch master
Your branch is ahead of 'origin/master' by 1 commit.
  (use "git push" to publish your local commits)

Changes not staged for commit:
  (use "git add <file>..." to update what will be committed)
  (use "git checkout -- <file>..." to discard changes in working directory)

	[31mmodified:   writeup.txt[m

Untracked files:
  (use "git add <file>..." to include in what will be committed)

	[31mtypescript[m

no changes added to commit (use "git add" and/or "git commit -a")
schwena3@cf405-19:~/CSCI241/Lab1/lab-1-Alex-Schwendeman$ git add writeup.txt
schwena3@cf405-19:~/CSCI241/Lab1/lab-1-Alex-Schwendeman$ git status
On branch master
Your branch is ahead of 'origin/master' by 1 commit.
  (use "git push" to publish your local commits)

Changes to be committed:
  (use "git reset HEAD <file>..." to unstage)

	[32mmodified:   writeup.txt[m

Untracked files:
  (use "git add <file>..." to include in what will be committed)

	[31mtypescript[m

schwena3@cf405-19:~/CSCI241/Lab1/lab-1-Alex-Schwendeman$ git add typescript
schwena3@cf405-19:~/CSCI241/Lab1/lab-1-Alex-Schwendeman$ git status
On branch master
Your branch is ahead of 'origin/master' by 1 commit.
  (use "git push" to publish your local commits)

Changes to be committed:
  (use "git reset HEAD <file>..." to unstage)

	[32mnew file:   typescript[m
	[32mmodified:   writeup.txt[m

schwena3@cf405-19:~/CSCI241/Lab1/lab-1-Alex-Schwendeman$ touch usernae[Kme.txt
schwena3@cf405-19:~/CSCI241/Lab1/lab-1-Alex-Schwendeman$ ls
build.gradle  settings.gradle  src  typescript	username.txt  writeup.txt
schwena3@cf405-19:~/CSCI241/Lab1/lab-1-Alex-Schwendeman$ nano username.txt
[?1049h[22;0;0t[1;30r(B[m[4l[?7h[39;49m[?1h=[?1h=[?1h=[?25l[39;49m(B[m[H[2J[28;53H(B[0;7m[ Reading File ](B[m[28;59H(B[0;7m 0 lines ](B[m[H(B[0;7m  GNU nano 2.9.3                                         username.txt                                                   [1;119H(B[m[29d(B[0;7m^G(B[m Get Help    (B[0;7m^O(B[m Write Out   (B[0;7m^W(B[m Where Is    (B[0;7m^K(B[m Cut Text    (B[0;7m^J(B[m Justify     (B[0;7m^C(B[m Cur Pos     (B[0;7mM-U(B[m Undo[106G(B[0;7mM-A(B[m Mark Text[30d(B[0;7m^X(B[m Exit[30;16H(B[0;7m^R(B[m Read File   (B[0;7m^\(B[m Replace     (B[0;7m^U(B[m Uncut Text  (B[0;7m^T(B[m To Spell    (B[0;7m^_(B[m Go To Line  (B[0;7mM-E(B[m Redo[106G(B[0;7mM-6(B[m Copy Text[28d[3d[39;49m(B[m[?12l[?25h[?25l[1;111H(B[0;7mModified(B[m[3dA[?12l[?25h[?25ll[?12l[?25h[?25le[?12l[?25h[?25lx[?12l[?25h[?25l [?12l[?25h[?25lS[?12l[?25h[?25lc[?12l[?25h[?25lh[?12l[?25h[?25lw[?12l[?25h[?25le[?12l[?25h[?25ln[?12l[?25h[?25ld[?12l[?25h[?25le[?12l[?25h[?25lm[?12l[?25h[?25la[?12l[?25h[?25ln[?12l[?25h[?25l,[?12l[?25h[?25l [?12l[?25h[?25ls[?12l[?25h[?25lc[?12l[?25h[?25lh[?12l[?25h[?25lw[?12l[?25h[?25le[?12l[?25h[?25ln[?12l[?25h[?25la[?12l[?25h[?25l3[28d[K[3;27H[?12l[?25h[?25l,[?12l[?25h[?25l [?12l[?25h[?25lA[?12l[?25h[?25ll[?12l[?25h[?25le[?12l[?25h[?25lx[?12l[?25h[?25l-[?12l[?25h[?25lS[?12l[?25h[?25lc[?12l[?25h[?25lh[?12l[?25h[?25lw[?12l[?25h[?25le[?12l[?25h[?25ln[?12l[?25h[?25ld[?12l[?25h[?25le[?12l[?25h[?25lm[?12l[?25h[?25la[?12l[?25h[?25ln[?12l[?25h[?25l[29;16H[15X[29;31H(B[0;7mM-D(B[m DOS Format[16X[29;61H(B[0;7mM-A(B[m Append[15X[29;93H(B[0;7mB(B[m Backup File[K[30;2H(B[0;7mC(B[m Cancel[16G[15X[30;31H(B[0;7mM-M(B[m Mac Format[16X[30;61H(B[0;7mM-P(B[m Prepend[19X[30;91H(B[0;7m^T(B[m To Files[K[28d(B[0;7mFile Name to Write: username.txt                                                                                        [28;1H(B[m[28;33H[?12l[?25h[?25l[K[1;119H[1;111H(B[0;7m        (B[m[28;53H(B[0;7m[ Wrote 1 line ](B[m[29;16H(B[0;7m^O(B[m Write Out   (B[0;7m^W(B[m Where Is    (B[0;7m^K(B[m Cut Text    (B[0;7m^J(B[m Justify     (B[0;7m^C(B[m Cur Pos[93G(B[0;7mU(B[m Undo       (B[0;7mM-A(B[m Mark Text[30;2H(B[0;7mX(B[m Exit  [16G(B[0;7m^R(B[m Read File   (B[0;7m^\(B[m Replace     (B[0;7m^U(B[m Uncut Text  (B[0;7m^T(B[m To Spell    (B[0;7m^_(B[m Go To Line  (B[0;7mM-E(B[m Redo       (B[0;7mM-6(B[m Copy Text[28d[3;45H[?12l[?25h[?25l[28d[J[30;120H[?12l[?25h[30;1H[?1049l[23;0;0t[?1l>schwena3@cf405-19:~/CSCI241/Lab1/lab-1-Alex-Schwendeman$ git commit
hint: Waiting for your editor to close the file... [?2004h[?1049h[22;0;0t[?1h=[?2004h[1;30r[?12h[?12l[27m[23m[29m[m[H[2J[?25l[30;1H"~/CSCI241/Lab1/lab-1-Alex-Schwendeman/.git/COMMIT_EDITMSG" 15L, 381C[2;1H▽[6n[2;1H  [1;1H[>c]10;?]11;?[2;1H[34m# Please enter the commit message for your changes. Lines starting
# with '#' will be ignored, and an empty message aborts the commit.
#
# On branch [m[35mmaster[m
[34m# Your branch is ahead of '[m[35morigin/master[m[34m' by 1 commit.
#   (use "git push" to publish your local commits)
#
# [m[35mChanges to be committed:[m
[34m#       [m[32mnew file[m[34m: [m[31m  typescript[m
[34m#       [m[32mmodified[m[34m: [m[31m  writeup.txt[m
[34m#
# [m[35mUntracked files:[m
[34m#       [m[31musername.txt[m
[34m#[m
[94m~                                                                                                                       [17;1H~                                                                                                                       [18;1H~                                                                                                                       [19;1H~                                                                                                                       [20;1H~                                                                                                                       [21;1H~                                                                                                                       [22;1H~                                                                                                                       [23;1H~                                                                                                                       [24;1H~                                                                                                                       [25;1H~                                                                                                                       [26;1H~                                                                                                                       [27;1H~                                                                                                                       [28;1H~                                                                                                                       [29;1H~                                                                                                                       [m[30;103H1,0-1[9CAll[1;1H[?25h[?25l[30;93H^[[1;1H[30;95H[[1;1H[30;96H2[1;1H[30;93H    [1;1H[?25h[?25l[30;93H~@k[1;1H[30;93H   [2;1H[30;103H2,1  [2;1H[?25h[?25l[30;93H~@k[2;1H[30;93H   [3;1H[30;103H3[3;1H[?25h[?25l[30;93H~@k[3;1H[30;93H   [2;1H[30;103H2[2;1H[?25h[?25l[30;93H~@k[2;1H[30;93H   [1;1H[30;103H1,0-1[1;1H[?25h[?25l[30;93H~@k[1;1H[30;93H   [1;1H[?25h[?25l[30;93H~@k[1;1H[30;93H   [2;1H[30;103H2,1  [2;1H[?25h[?25l[30;93H~@k[2;1H[30;93H   [3;1H[30;103H3[3;1H[?25h[?25l[30;93H~@k[3;1H[30;93H   [4;1H[30;103H4[4;1H[?25h[?25l[30;93H~@k[4;1H[30;93H   [5;1H[30;103H5[5;1H[?25h[?25l[30;93H~@k[5;1H[30;93H   [6;1H[30;103H6[6;1H[?25h[?25l[30;93H~@k[6;1H[30;93H   [7;1H[30;103H7[7;1H[?25h[?25l[30;93H~@k[7;1H[30;93H   [8;1H[30;103H8[8;1H[?25h[?25l[30;93H~@k[8;1H[30;93H   [9;1H[30;103H9[9;1H[?25h[?25l[30;93H~@k[9;1H[30;93H   [10;1H[30;103H10,1[10;1H[?25h[?25l[30;93H~@k[10;1H[30;93H   [11;1H[30;104H1[11;1H[?25h[?25l[30;93H~@k[11;1H[30;93H   [12;1H[30;104H2[12;1H[?25h[?25l[30;93H~@k[12;1H[30;93H   [13;1H[30;104H3[13;1H[?25h[?25l[30;93H~@k[13;1H[30;93H   [14;1H[30;104H4[14;1H[?25h[?25l[30;93H~@k[14;1H[30;93H   [15;1H[30;104H5[15;1H[?25h[?25l[30;93H~@k[15;1H[30;93H   [15;1H[?25h[?25l[30;93H~@k[15;1H[30;93H   [15;1H[?25h[?25l[30;93H~@k[15;1H[30;93H   [15;1H[?25h[?25l[30;93H~@k[15;1H[30;93H   [15;1H[?25h[?25l[30;93H~@k[15;1H[30;93H   [15;1H[?25h[?25l[30;93H~@k[15;1H[30;93H   [15;1H[?25h[?25l[30;93H~@k[15;1H[30;93H   [15;1H[?25h[?25l[30;93H~@k[15;1H[30;93H   [15;1H[?25h[?25l[30;93H~@k[15;1H[30;93H   [15;1H[?25h[?25l[30;93H~@k[15;1H[30;93H   [15;1H[?25h[?25l[30;93H~@k[15;1H[30;93H   [14;1H[30;104H4[14;1H[?25h[?25l[30;93H~@k[14;1H[30;93H   [13;1H[30;104H3[13;1H[?25h[?25l[30;93H~@k[13;1H[30;93H   [12;1H[30;104H2[12;1H[?25h[?25l[30;93H~@k[12;1H[30;93H   [13;1H[30;104H3[13;1H[?25h[?25l[30;93H~@k[13;1H[30;93H   [14;1H[30;104H4[14;1H[?25h[?25l[30;93H~@k[14;1H[30;93H   [15;1H[30;104H5[15;1H[?25h[?25l[30;93H~@k[15;1H[30;93H   [15;1H[?25h[?25l[30;93H<20>[15;1H[30;93H    [15;1H[?25h[?25l[30;93H<20>[15;1H[30;93H    [15;1H[?25h[?25l[30;93H"[15;1H[?25h[?25l[30;94H^M[15;1H[30;93H   [15;1H[?25h[?25l[30;93H^M[15;1H[30;93H  [15;1H[?25h[?25l[30;93H^M[15;1H[30;93H  [15;1H[?25h[?25l[30;93H^M[15;1H[30;93H  [15;1H[?25h[?25l[30;93H^M[15;1H[30;93H  [15;1H[?25h[?25l[30;93H^[[15;1H[30;93H  [15;1H[30;93H^[[15;1H[30;93H  [15;1H[?25h[?25l[30;93H~@k[15;1H[30;93H   [14;1H[30;104H4[14;1H[?25h[?25l[30;93H~@k[14;1H[30;93H   [13;1H[30;104H3[13;1H[?25h[?25l[30;93H~@k[13;1H[30;93H   [12;1H[30;104H2[12;1H[?25h[?25l[30;93H~@k[12;1H[30;93H   [11;1H[30;104H1[11;1H[?25h[?25l[30;93H~@k[11;1H[30;93H   [10;1H[30;104H0[10;1H[?25h[?25l[30;93H~@k[10;1H[30;93H   [9;1H[30;103H9,1 [9;1H[?25h[?25l[30;93H~@k[9;1H[30;93H   [8;1H[30;103H8[8;1H[?25h[?25l[30;93H~@k[8;1H[30;93H   [7;1H[30;103H7[7;1H[?25h[?25l[30;93H~@k[7;1H[30;93H   [7;2H[30;105H2[7;2H[?25h[?25l[30;93H~@k[7;2H[30;93H   [7;3H[30;105H3[7;3H[?25h[?25l[30;93H~@k[7;3H[30;93H   [7;4H[30;105H4[7;4H[?25h[?25l[30;93H~@k[7;4H[30;93H   [7;5H[30;105H5[7;5H[?25h[?25l[30;93H~@k[7;5H[30;93H   [7;6H[30;105H6[7;6H[?25h[?25l[30;93H~@k[7;6H[30;93H   [7;7H[30;105H7[7;7H[?25h[?25l[30;93H~@k[7;7H[30;93H   [7;8H[30;105H8[7;8H[?25h[?25l[30;93H~@k[7;8H[30;93H   [7;9H[30;105H9[7;9H[?25h[?25l[30;93H~@k[7;9H[30;93H   [7;10H[30;105H10[7;10H[?25h[?25l[30;93H~@k[7;10H[30;93H   [7;11H[30;106H1[7;11H[?25h[?25l[30;93H~@k[7;11H[30;93H   [7;12H[30;106H2[7;12H[?25h[?25l[30;93H~@k[7;12H[30;93H   [7;13H[30;106H3[7;13H[?25h[?25l[30;93H~@k[7;13H[30;93H   [7;14H[30;106H4[7;14H[?25h[?25l[30;93H~@k[7;14H[30;93H   [7;15H[30;106H5[7;15H[?25h[?25l[30;93H~@k[7;15H[30;93H   [7;16H[30;106H6[7;16H[?25h[?25l[30;93H~@k[7;16H[30;93H   [7;17H[30;106H7[7;17H[?25h[?25l[30;93H~@k[7;17H[30;93H   [7;18H[30;106H8[7;18H[?25h[?25l[30;93H~@k[7;18H[30;93H   [7;19H[30;106H9[7;19H[?25h[?25l[30;93H~@k[7;19H[30;93H   [7;20H[30;105H20[7;20H[?25h[?25l[30;93H~@k[7;20H[30;93H   [7;21H[30;106H1[7;21H[?25h[?25l[30;93H~@k[7;21H[30;93H   [7;22H[30;106H2[7;22H[?25h[?25l[30;93H~@k[7;22H[30;93H   [7;23H[30;106H3[7;23H[?25h[?25l[30;93H~@k[7;23H[30;93H   [7;24H[30;106H4[7;24H[?25h[?25l[30;93H~@k[7;24H[30;93H   [7;25H[30;106H5[7;25H[?25h[?25l[30;93H~@k[7;25H[30;93H   [7;26H[30;106H6[7;26H[?25h[?25l[30;93H~@k[7;26H[30;93H   [7;27H[30;106H7[7;27H[?25h[?25l[30;93H~@k[7;27H[30;93H   [7;28H[30;106H8[7;28H[?25h[?25l[30;93H~@k[7;28H[30;93H   [7;29H[30;106H9[7;29H[?25h[?25l[30;93H~@k[7;29H[30;93H   [7;30H[30;105H30[7;30H[?25h[?25l[30;93H~@k[7;30H[30;93H   [7;31H[30;106H1[7;31H[?25h[?25l[30;93H~@k[7;31H[30;93H   [7;32H[30;106H2[7;32H[?25h[?25l[30;93H~@k[7;32H[30;93H   [7;33H[30;106H3[7;33H[?25h[?25l[30;93H~@k[7;33H[30;93H   [7;34H[30;106H4[7;34H[?25h[?25l[30;93H~@k[7;34H[30;93H   [7;35H[30;106H5[7;35H[?25h[?25l[30;93H~@k[7;35H[30;93H   [7;36H[30;106H6[7;36H[?25h[?25l[30;93H~@k[7;36H[30;93H   [7;37H[30;106H7[7;37H[?25h[?25l[30;93H~@k[7;37H[30;93H   [7;38H[30;106H8[7;38H[?25h[?25l[30;93H~@k[7;38H[30;93H   [7;39H[30;106H9[7;39H[?25h[?25l[30;93H~@k[7;39H[30;93H   [7;40H[30;105H40[7;40H[?25h[?25l[30;93H~@k[7;40H[30;93H   [7;41H[30;106H1[7;41H[?25h[?25l[30;93H~@k[7;41H[30;93H   [7;42H[30;106H2[7;42H[?25h[?25l[30;93H~@k[7;42H[30;93H   [7;43H[30;106H3[7;43H[?25h[?25l[30;93H~@k[7;43H[30;93H   [7;44H[30;106H4[7;44H[?25h[?25l[30;93H~@k[7;44H[30;93H   [7;45H[30;106H5[7;45H[?25h[?25l[30;93H~@k[7;45H[30;93H   [7;46H[30;106H6[7;46H[?25h[?25l[30;93H~@k[7;46H[30;93H   [7;47H[30;106H7[7;47H[?25h[?25l[30;93H~@k[7;47H[30;93H   [7;48H[30;106H8[7;48H[?25h[?25l[30;93H~@k[7;48H[30;93H   [7;49H[30;106H9[7;49H[?25h[?25l[30;93H~@k[7;49H[30;93H   [7;50H[30;105H50[7;50H[?25h[?25l[30;93H~@k[7;50H[30;93H   [6;50H[30;103H6[6;50H[?25h[?25l[30;93H~@k[6;50H[30;93H   [5;18H[30;103H5,18[5;18H[?25h[?25l[30;93H~@k[5;18H[30;93H   [4;1H[30;103H4,1 [4;1H[?25h[?25l[30;93H~@k[4;1H[30;93H   [3;50H[30;103H3,50[3;50H[?25h[?25l[30;93H~@k[3;50H[30;93H   [2;50H[30;103H2[2;50H[?25h[?25l[30;93H~@k[2;50H[30;93H   [1;1H[30;103H1,0-1[1;1H[?25h[?25l[30;93H~@k[1;1H[30;93H   [1;1H[?25h[?25l[30;93H~@k[1;1H[30;93H   [1;1H[?25h[?25l[30;93H"[1;1H[?25h[?25l[30;94H"[1;1H[?25h[?25l[30;95H~@k[1;1H[30;93H     [1;1H[?25h[?25l[30;93H"[1;1H[?25h[?25l[30;94HA[1;1H[?25h[?25l[30;95Hd[1;1H[?25h[?25l[30;96Hd[1;1H[30;93H    [1;1H[1;29r[29;1H
[1;30r[29;1H[94m~                                             Script started on 2020-04-09 20:35:30-0700
schwena3@cf162-07:~/CSCI241/Lab1/lab-1-Alex-Schwendeman$ ls
build.gradle  settings.gradle  src  typescript	username.txt  writeup.txt
schwena3@cf162-07:~/CSCI241/Lab1/lab-1-Alex-Schwendeman$ nanon[K s[Ktysp[K[Kpescript
[?1049h[22;0;0t[1;30r(B[m[4l[?7h[39;49m[?1h=[?1h=[?1h=[?25l[39;49m(B[m[H[2J[28;53H(B[0;7m[ Reading File ](B[m[28;52H(B[0;7m[ Read 165 lines ](B[m[H(B[0;7m  GNU nano 2.9.3                                          typescript                                                    [1;119H(B[m[29d(B[0;7m^G(B[m Get Help    (B[0;7m^O(B[m Write Out   (B[0;7m^W(B[m Where Is    (B[0;7m^K(B[m Cut Text    (B[0;7m^J(B[m Justify     (B[0;7m^C(B[m Cur Pos     (B[0;7mM-U(B[m Undo[106G(B[0;7mM-A(B[m Mark Text[30d(B[0;7m^X(B[m Exit[30;16H(B[0;7m^R(B[m Read File   (B[0;7m^\(B[m Replace     (B[0;7m^U(B[m Uncut Text  (B[0;7m^T(B[m To Spell    (B[0;7m^_(B[m Go To Line  (B[0;7mM-E(B[m Redo[106G(B[0;7mM-6(B[m Copy Text[28d[3d[39;49m(B[mScript started on 2020-04-09 18:06:18-0700[4dschwena3@cf405-17:~/CSCI241/Lab1$ git clone ^V^H^H^[[K^H^[[K https://github.com/csci241-20s/lab-1-Alex-Schwendeman[5dCloning into 'lab-1-Alex-Schwendeman'...[6dremote: Enumerating objects: 14, done.^[[K[7dremote: Counting objects:   7% (1/14)^[[K^Mremote: Counting objects:  14% (2/14)^[[K^Mremote: Counting objects:  21% (3$[8;1Hremote: Compressing objects:  12% (1/8)^[[K^Mremote: Compressing objects:  25% (2/8)^[[K^Mremote: Compressing objects: $[9;1Hremote: Total 14 (delta 2), reused 0 (delta 0), pack-reused 0^[[K[10dUnpacking objects:   7% (1/14)   ^MUnpacking objects:  14% (2/14)   ^MUnpacking objects:  21% (3/14)   ^MUnpacking obje$[11;1Hschwena3@cf405-17:~/CSCI241/Lab1$ ls[12dlab-1-Alex-Schwendeman  typescript[13dschwena3@cf405-17:~/CSCI241/Lab1$ git config --gloa^H^[[Kbal user.name "Alex Schwendeman"[14dschwena3@cf405-17:~/CSCI241/Lab1$ git config --global s^H^[[Kuser.email schwena3@wwu.edu[15dschwena3@cf405-17:~/CSCI241/Lab1$ touch writeup.txt[16dschwena3@cf405-17:~/CSCI241/Lab1$ git add writeup.txt # ^H^[[K^H^[[K^H^[[K^H^[[Kt[17dfatal: not a git repository (or any parent up to mount point /)[18dStopping at filesystem boundary (GIT_DISCOVERY_ACROSS_FILESYSTEM not set).[19dschwena3@cf405-17:~/CSCI241/Lab1$ ls[20dlab-1-Alex-Schwendeman  typescript  writeup.txt[21dschwena3@cf405-17:~/CSCI241/Lab1$ git add writeup.txt[22dfatal: not a git repository (or any parent up to mount point /)[23dStopping at filesystem boundary (GIT_DISCOVERY_ACROSS_FILESYSTEM not set).[24dschwena3@cf405-17:~/CSCI241/Lab1$ "git add help^H^[[K^H^[[K^H^[[K^H^[[K^H^[[K^H^[[K^H^[[K^H^[[K^H^[[K^H^[[K^H^[[K^H^[[K$[25;1H^[[?1049h^[[22;0;0t^[[?1h^[=^MGIT-ADD(1)[25;85HGit Manual[120G$[26;1H^[[m[27d^[[1mNAME^[[0m^[[m[3d[?12l[?25h[?25l[28d[J[30;120H[?12l[?25h[30;1H[?1049l[23;0;0t[?1l>schwena3@cf162-07:~/CSCI241/Lab1/lab-1-Alex-Schwendeman$ nano write[K[K[K[K[K[K[K[K[K[K
schwena3@cf162-07:~/CSCI241/Lab1/lab-1-Alex-Schwendeman$ ls
build.gradle  settings.gradle  src  typescript	username.txt  writeup.txt
schwena3@cf162-07:~/CSCI241/Lab1/lab-1-Alex-Schwendeman$ nano username.txt
[?1049h[22;0;0t[1;30r(B[m[4l[?7h[39;49m[?1h=[?1h=[?1h=[?25l[39;49m(B[m[H[2J[28;53H(B[0;7m[ Reading File ](B[m[28;59H(B[0;7m 1 line ](B[m[K[H(B[0;7m  GNU nano 2.9.3                                         username.txt                                                   [1;119H(B[m[29d(B[0;7m^G(B[m Get Help    (B[0;7m^O(B[m Write Out   (B[0;7m^W(B[m Where Is    (B[0;7m^K(B[m Cut Text    (B[0;7m^J(B[m Justify     (B[0;7m^C(B[m Cur Pos     (B[0;7mM-U(B[m Undo[106G(B[0;7mM-A(B[m Mark Text[30d(B[0;7m^X(B[m Exit[30;16H(B[0;7m^R(B[m Read File   (B[0;7m^\(B[m Replace     (B[0;7m^U(B[m Uncut Text  (B[0;7m^T(B[m To Spell    (B[0;7m^_(B[m Go To Line  (B[0;7mM-E(B[m Redo[106G(B[0;7mM-6(B[m Copy Text[28d[3d[39;49m(B[mAlex Schwendeman, schwena3, Alex-Schwendeman[?12l[?25h[?25l[28d[J[30;120H[?12l[?25h[30;1H[?1049l[23;0;0t[?1l>schwena3@cf162-07:~/CSCI241/Lab1/lab-1-Alex-Schwendeman$ git add
Nothing specified, nothing added.
Maybe you wanted to say 'git add .'?
schwena3@cf162-07:~/CSCI241/Lab1/lab-1-Alex-Schwendeman$ git add username.txt
schwena3@cf162-07:~/CSCI241/Lab1/lab-1-Alex-Schwendeman$ git commit -m "Created username.txt and provided first and last  name, username[K[K[K[K[K[K[K[KWWU username, and GitHub username."[K[K"
[master d44acd9] Created username.txt and provided first and last name, WWU username, and GitHub username
 3 files changed, 102 insertions(+)
 create mode 100644 typescript
 create mode 100644 username.txt
schwena3@cf162-07:~/CSCI241/Lab1/lab-1-Alex-Schwendeman$ git checkout
M	typescript
Your branch is ahead of 'origin/master' by 2 commits.
  (use "git push" to publish your local commits)
schwena3@cf162-07:~/CSCI241/Lab1/lab-1-Alex-Schwendeman$ git push
Username for 'https://github.com': Alex-Schwendeman
Password for 'https://Alex-Schwendeman@github.com': 
Counting objects: 8, done.
Delta compression using up to 8 threads.
Compressing objects:  16% (1/6)   Compressing objects:  33% (2/6)   Compressing objects:  50% (3/6)   Compressing objects:  66% (4/6)   Compressing objects:  83% (5/6)   Compressing objects: 100% (6/6)   Compressing objects: 100% (6/6), done.
Writing objects:  12% (1/8)   Writing objects:  25% (2/8)   Writing objects:  37% (3/8)   Writing objects:  50% (4/8)   Writing objects:  62% (5/8)   Writing objects:  75% (6/8)   Writing objects:  87% (7/8)   Writing objects: 100% (8/8)   Writing objects: 100% (8/8), 5.61 KiB | 820.00 KiB/s, done.
Total 8 (delta 1), reused 0 (delta 0)
remote: Resolving deltas:   0% (0/1)[Kremote: Resolving deltas: 100% (1/1)[Kremote: Resolving deltas: 100% (1/1), completed with 1 local object.[K
To https://github.com/csci241-20s/lab-1-Alex-Schwendeman
   3ec4857..d44acd9  master -> master
schwena3@cf162-07:~/CSCI241/Lab1/lab-1-Alex-Schwendeman$ git[K[K[Kclear
[3J[H[2Jschwena3@cf162-07:~/CSCI241/Lab1/lab-1-Alex-Schwendeman$ git checkout
M	typescript
Your branch is up to date with 'origin/master'.
schwena3@cf162-07:~/CSCI241/Lab1/lab-1-Alex-Schwendeman$ touch dummy
schwena3@cf162-07:~/CSCI241/Lab1/lab-1-Alex-Schwendeman$ ls
build.gradle  dummy  settings.gradle  src  typescript  username.txt  writeup.txt
schwena3@cf162-07:~/CSCI241/Lab1/lab-1-Alex-Schwendeman$ rm dummy
schwena3@cf162-07:~/CSCI241/Lab1/lab-1-Alex-Schwendeman$ ls
build.gradle  settings.gradle  src  typescript	username.txt  writeup.txt
schwena3@cf162-07:~/CSCI241/Lab1/lab-1-Alex-Schwendeman$ clear
[3J[H[2Jschwena3@cf162-07:~/CSCI241/Lab1/lab-1-Alex-Schwendeman$ git mv [K[K[K[K[K[K[Ktouch c[Kdummy
schwena3@cf162-07:~/CSCI241/Lab1/lab-1-Alex-Schwendeman$ git mv dummy
usage: git mv [<options>] <source>... <destination>

    -v, --verbose         be verbose
    -n, --dry-run         dry run
    -f, --force           force move/rename even if target exists
    -k                    skip move/rename errors

schwena3@cf162-07:~/CSCI241/Lab1/lab-1-Alex-Schwendeman$ git mv dummy CSCI@%[K[K241
fatal: not under version control, source=dummy, destination=CSCI241
schwena3@cf162-07:~/CSCI241/Lab1/lab-1-Alex-Schwendeman$ clear
[3J[H[2Jschwena3@cf162-07:~/CSCI241/Lab1/lab-1-Alex-Schwendeman$ git blame
usage: git blame [<options>] [<rev-opts>] [<rev>] [--] <file>

    <rev-opts> are documented in git-rev-list(1)

    --incremental         Show blame entries as we find them, incrementally
    -b                    Show blank SHA-1 for boundary commits (Default: off)
    --root                Do not treat root commits as boundaries (Default: off)
    --show-stats          Show work cost statistics
    --progress            Force progress reporting
    --score-debug         Show output score for blame entries
    -f, --show-name       Show orScript started on 2020-04-09 20:43:50-0700
schwena3@cf164-09:~/CSCI241/Lab1/lab-1-Alex-Schwendeman$ exo[Kit[K[K[K[Kgit push
Username for 'https://github.com': ZSS.    Alex-Schwendeman
Password for 'https://Alex-Schwendeman@github.com': 
Everything up-to-date
schwena3@cf164-09:~/CSCI241/Lab1/lab-1-Alex-Schwendeman$ exit
exit

Script done on 2020-04-09 20:44:58-0700
Script started on 2020-04-10 08:40:27-0700
schwena3@cf405-17:~/CSCI241/Lab1/lab-1-Alex-Schwendeman$ touch dummy.txt
schwena3@cf405-17:~/CSCI241/Lab1/lab-1-Alex-Schwendeman$ rm dummy.txt
schwena3@cf405-17:~/CSCI241/Lab1/lab-1-Alex-Schwendeman$ touch dummyfolder
schwena3@cf405-17:~/CSCI241/Lab1/lab-1-Alex-Schwendeman$ touch dummy [K.txt
schwena3@cf405-17:~/CSCI241/Lab1/lab-1-Alex-Schwendeman$ mv dummy.txt dummyfolder
schwena3@cf405-17:~/CSCI241/Lab1/lab-1-Alex-Schwendeman$ ls
build.gradle  dummy  dummyfolder  settings.gradle  src	typescript  username.txt  writeup.txt
schwena3@cf405-17:~/CSCI241/Lab1/lab-1-Alex-Schwendeman$ rm dummy
schwena3@cf405-17:~/CSCI241/Lab1/lab-1-Alex-Schwendeman$ ls
build.gradle  dummyfolder  settings.gradle  src  typescript  username.txt  writeup.txt
schwena3@cf405-17:~/CSCI241/Lab1/lab-1-Alex-Schwendeman$ rm dummyfolder
schwena3@cf405-17:~/CSCI241/Lab1/lab-1-Alex-Schwendeman$ ls
build.gradle  settings.gradle  src  typescript	username.txt  writeup.txt
schwena3@cf405-17:~/CSCI241/Lab1/lab-1-Alex-Schwendeman$ clear
[3J[H[2Jschwena3@cf405-17:~/CSCI241/Lab1/lab-1-Alex-Schwendeman$ git blame writeup.txt
[?1h=ffd3ceaf (Alex Schwendeman 2020-04-09 20:29:03 -0700 1) 1) Alex Schwendeman[m
d44acd9b (Alex Schwendeman 2020-04-09 20:37:48 -0700 2) 2) playing Super Smash Bros. Ultimate[m
[K[?1l>schwena3@cf405-17:~/CSCI241/Lab1/lab-1-Alex-Schwendeman$ git log
[?1h=[33mcommit d44acd9bb0d0d10eacefbf108b2e1ca664bb0efd[m[33m ([m[1;36mHEAD -> [m[1;32mmaster[m[33m, [m[1;31morigin/master[m[33m, [m[1;31morigin/HEAD[m[33m)[m[m
Author: Alex Schwendeman <schwena3@wwu.edu>[m
Date:   Thu Apr 9 20:37:48 2020 -0700[m
[m
    Created username.txt and provided first and last name, WWU username, and GitHub username[m
[m
[33mcommit ffd3ceaf12d0da964557db2973ddcb79413e0500[m[m
Author: Alex Schwendeman <schwena3@wwu.edu>[m
Date:   Thu Apr 9 20:29:03 2020 -0700[m
[m
    Added part 1 (names) to writeup[m
[m
[33mcommit 3ec485762c6ffc5ff7059f3bd351371f9e3ae999[m[m
Author: Alex Schwendeman <schwena3@wwu.edu>[m
Date:   Thu Apr 9 20:14:55 2020 -0700[m
[m
    Added empty writeup[m
[m
[33mcommit 916ebe5b3a88527a719ce666035d9d1a893cb720[m[m
Author: swehrwein <swehrwein@gmail.com>[m
Date:   Thu Apr 9 18:07:26 2020 -0700[m
[m
    Setting up GitHub Classroom Feedback[m
[m
[33mcommit 337c914438b4a3962c598de829f9e6231c58434a[m[33m ([m[1;31morigin/feedback[m[33m)[m[m
Author: swehrwein <swehrwein@gmail.com>[m
Date:   Thu Apr 9 18:07:25 2020 -0700[m
[m
    Setting up GitHub Classroom Feedback[m
:[K[K[m
:[K[K[33mcommit fb4220e1a8377016277d34584721cf79d1f68913[m[m
:[K[KAuthor: swehrwein <swehrwein@gmail.com>[m
:[K[KDate:   Thu Apr 9 18:07:24 2020 -0700[m
:[K[K[m
:[K[K    Initial commit[m
:[K[K[K[7m(END)[27m[K[K[K[7m(END)[27m[K[K[K[7m(END)[27m[K[K [KESCESC[KOO[KBB[K[K[7m(END)[27m[K[K [KESCESC[KOO[KBB[K[K[7m(END)[27m[K[K[?1l>schwena3@cf405-17:~/CSCI241/Lab1/lab-1-Alex-Schwendeman$ git diff writeup.txt
[?1h=[K[?1l>schwena3@cf405-17:~/CSCI241/Lab1/lab-1-Alex-Schwendeman$ git diff
[?1h=[1mdiff --git a/typescript b/typescript[m[m
[1mindex f13e993..5044eb2 100644[m[m
[1m--- a/typescript[m[m
[1m+++ b/typescript[m[m
[36m@@ -97,4 +97,143 @@[m [mnothing added to commit but untracked files present (use "git add" to track)[m[m
 schwena3@cf405-19:~/CSCI241/Lab1/lab-1-Alex-Schwendeman$ ls[m[m
 build.gradle  settings.gradle  src  typescript writeup.txt[m[m
 schwena3@cf405-19:~/CSCI241/Lab1/lab-1-Alex-Schwendeman$ nano writeup.txt[m[m
[31m-[m[39;49m[39;49m[m[0;7m[ Reading File ][m[0;7m 1 line ][m[0;7m  GNU nano 2.9.3                                         writeup.txt                          [m [31m[m[39;49m[39;49m[m[0;7m[m[0;7m[m[0;7m                          [m[7m^M[27m[0;7m^G[m Get Help    [0;7m^O[m Write Out   [0;7m^W[m Where Is    [0;7m^K[m Cut Text    [0;7m^J[m Justify     [0;7m^C[m Cur Pos     [0;7mM-[m [31m[m[39;49m[39;49m[m[0;7m[m[0;7m[m[0;7m[m[0;7m[m[0;7m[m[0;7m[m[0;7m[m[0;7m[m[0;7m[m[0;7mU[m Undo[0;7mM-A[m Mark Text[7m^M[27m[0;7m^X[m Exit[0;7m^R[m Read File   [0;7m^\[m Replace     [0;7m^U[m Uncut Text  [0;7m^T[m To Spell    [0;7m^_[m Go To Line  [0;7mM-E[m Redo[m[m
\ No newline at end of file[m[m
[32m+[m[32m[m[39;49m[39;49m[m[0;7m[ Reading File ][m[0;7m 1 line ][m[0;7m  GNU nano 2.9.3                                         writeup.txt                          [m [32m[m[32m[m[39;49m[39;49m[m[0;7m[m[0;7m[m[0;7m                          [m[7m^M[27m[0;7m^G[m Get Help    [0;7m^O[m Write Out   [0;7m^W[m Where Is    [0;7m^K[m Cut Text    [0;7m^J[m Justify     [0;7m^C[m Cur Pos     [0;7mM-[m [32m[m[32m[m[39;49m[39;49m[m[0;7m[m[0;7m[m[0;7m[m[0;7m[m[0;7m[m[0;7m[m[0;7m[m[0;7m[m[0;7m[m[0;7mU[m Undo[0;7mM-A[m Mark Text[7m^M[27m[0;7m^X[m Exit[0;7m^R[m Read File   [0;7m^\[m Replace     [0;7m^U[m Uncut Text  [0;7m^T[m To Spell    [0;7m^_[m Go To Line  [0;7mM-E[m Redo[0;7mM-6[m Copy [m [32m[m[32m[m[39;49m[39;49m[m[0;7m[m[0;7m[m[0;7m[m[0;7m[m[0;7m[m[0;7m[m[0;7m[m[0;7m[m[0;7m[m[0;7m[m[0;7m[m[0;7m[m[0;7m[m[0;7m[m[0;7m[m[0;7m[m[0;7m[m[0;7m[m[0;7m[mText[7m^M[27m[39;49m[m1) Alex Schwendeman[7m^M[27m[0;7mModified[m[7m^M[27m2) playing Super Smash Br[7m^M[27mos. Ultimate[0;7mM-D[m DOS Format[0;7mM-A[m Append[0;7mB[m Backup File[0;7mC[m Cance[m [32m[m[32m[m[39;49m[39;49m[m[0;7m[m[0;7m[m[0;7m[m[0;7m[m[0;7m[m[0;7m[m[0;7m[m[0;7m[m[0;7m[m[0;7m[m[0;7m[m[0;7m[m[0;7m[m[0;7m[m[0;7m[m[0;7m[m[0;7m[m[0;7m[m[0;7m[m[39;49m[m[0;7m[m[0;7m[m[0;7m[m[0;7m[m[0;7m[ml[0;7mM-M[m Mac Format[0;7mM-P[m Prepend[0;7m^T[m To Files[7m^M[27m[0;7mFile Name to Write: writeup.txt                                                  [m [32m[m[32m[m[39;49m[39;49m[m[0;7m[m[0;7m[m[0;7m[m[0;7m[m[0;7m[m[0;7m[m[0;7m[m[0;7m[m[0;7m[m[0;7m[m[0;7m[m[0;7m[m[0;7m[m[0;7m[m[0;7m[m[0;7m[m[0;7m[m[0;7m[m[0;7m[m[39;49m[m[0;7m[m[0;7m[m[0;7m[m[0;7m[m[0;7m[m[0;7m[m[0;7m[m[0;7m[m[0;7m                                       [m[7m^M[27m[0;7m        [m[0;7m[ Wrote 2 lines ][m[0;7m^O[m Write Out   [0;7m^W[m Where Is    [0;7m^K[m Cut Text    [0;7m^J[m Justif[m [32m[m[32m[m[39;49m[39;49m[m[0;7m[m[0;7m[m[0;7m[m[0;7m[m[0;7m[m[0;7m[m[0;7m[m[0;7m[m[0;7m[m[0;7m[m[0;7m[m[0;7m[m[0;7m[m[0;7m[m[0;7m[m[0;7m[m[0;7m[m[0;7m[m[0;7m[m[39;49m[m[0;7m[m[0;7m[m[0;7m[m[0;7m[m[0;7m[m[0;7m[m[0;7m[m[0;7m[m[0;7m[m[0;7m[m[0;7m[m[0;7m[m[0;7m[m[0;7m[m[0;7m[my     [0;7m^C[m Cur Pos[0;7mU[m Undo       [0;7mM-A[m Mark Text[0;7mX[m Exit  [0;7m^R[m Read File   [0;7m^\[m Replace     [0;7m^U[m Uncut Text  [0;7m^T[m To Spell    [0;7m^_[m Go To L[m [32m[m[32m[m[39;49m[39;49m[m[0;7m[m[0;7m[m[0;7m[m[0;7m[m[0;7m[m[0;7m[m[0;7m[m[0;7m[m[0;7m[m[0;7m[m[0;7m[m[0;7m[m[0;7m[m[0;7m[m[0;7m[m[0;7m[m[0;7m[m[0;7m[m[0;7m[m[39;49m[m[0;7m[m[0;7m[m[0;7m[m[0;7m[m[0;7m[m[0;7m[m[0;7m[m[0;7m[m[0;7m[m[0;7m[m[0;7m[m[0;7m[m[0;7m[m[0;7m[m[0;7m[m[0;7m[m[0;7m[m[0;7m[m[0;7m[m[0;7m[m[0;7m[m[0;7m[m[0;7m[m[0;7m[mine  [0;7mM-E[m Redo       [0;7mM-6[m Copy Text[7m^M^M^M[27mschwena3@cf405-19:~/CSCI241/Lab1/lab-1-Alex-Schwendeman$ git status[m[41m[7m^M[27m[m[m
[32m+[m[32mOn branch master[m[41m[7m^M[27m[m[m
[32m+[m[32mYour branch is ahead of 'origin/master' by 1 commit.[m[41m[7m^M[27m[m[m
[32m+[m[32m  (use "git push" to publish your local commits)[m[41m[7m^M[27m[m[m
[32m+[m[41m[7m^M[27m[m[m
[32m+[m[32mChanges not staged for commit:[m[41m[7m^M[27m[m[m
[32m+[m[32m  (use "git add <file>..." to update what will be committed)[m[41m[7m^M[Script started on 2020-04-10 08:38:59-0700
schwena3@cf405-17:~/CSCI241/Lab1/lab-1-Alex-Schwendeman$ git checkeout
git: 'checkeout' is not a git command. See 'git --help'.

The most similar command is
	checkout
schwena3@cf405-17:~/CSCI241/Lab1/lab-1-Alex-Schwendeman$ git reset
Unstaged changes after reset:
M	typescript
schwena3@cf405-17:~/CSCI241/Lab1/lab-1-Alex-Schwendeman$ git [K[K[K[Kscript -a
Script started, file is typescript
schwena3@cf405-17:~/CSCI241/Lab1/lab-1-Alex-Schwendeman$ touch dummy.txt
schwena3@cf405-17:~/CSCI241/Lab1/lab-1-Alex-Schwendeman$ rm dummy.txt
schwena3@cf405-17:~/CSCI241/Lab1/lab-1-Alex-Schwendeman$ touch dummyfolder
schwena3@cf405-17:~/CSCI241/Lab1/lab-1-Alex-Schwendeman$ touch dummy [K.txt
schwena3@cf405-17:~/CSCI241/Lab1/lab-1-Alex-Schwendeman$ mv dummy.txt dummyfolder
schwena3@cf405-17:~/CSCI241/Lab1/lab-1-Alex-Schwendeman$ ls
build.gradle  dummy  dummyfolder  settings.gradle  src	typescript  username.txt  writeup.txt
schwena3@cf405-17:~/CSCI241/Lab1/lab-1-Alex-Schwendeman$ rm dummy
schwena3@cf405-17:~/CSCI241/Lab1/lab-1-Alex-Schwendeman$ ls
build.gradle  dummyfolder  settings.gradle  src  typescript  username.txt  writeup.txt
schwena3@cf405-17:~/CSCI241/Lab1/lab-1-Alex-Schwendeman$ rm dummyfolder
schwena3@cf405-17:~/CSCI241/Lab1/lab-1-Alex-Schwendeman$ ls
build.gradle  settings.gradle  src  typescript	username.txt  writeup.txt
schwena3@cf405-17:~/CSCI241/Lab1/lab-1-Alex-Schwendeman$ clear
[3J[H[2Jschwena3@cf405-17:~/CSCI241/Lab1/lab-1-Alex-Schwendeman$ git blame writeup.txt
[?1h=ffd3ceaf (Alex Schwendeman 2020-04-09 20:29:03 -0700 1) 1) Alex Schwendeman[m
d44acd9b (Alex Schwendeman 2020-04-09 20:37:48 -0700 2) 2) playing Super Smash Bros. Ultimate[m
[K[?1l>schwena3@cf405-17:~/CSCI241/Lab1/lab-1-Alex-Schwendeman$ git log
[?1h=[33mcommit d44acd9bb0d0d10eacefbf108b2e1ca664bb0efd[m[33m ([m[1;36mHEAD -> [m[1;32mmaster[m[33m, [m[1;31morigin/master[m[33m, [m[1;31morigin/HEAD[m[33m)[m[m
Author: Alex Schwendeman <schwena3@wwu.edu>[m
Date:   Thu Apr 9 20:37:48 2020 -0700[m
[m
    Created username.txt and provided first and last name, WWU username, and GitHub username[m
[m
[33mcommit ffd3ceaf12d0da964557db2973ddcb79413e0500[m[m
Author: Alex Schwendeman <schwena3@wwu.edu>[m
Date:   Thu Apr 9 20:29:03 2020 -0700[m
[m
    Added part 1 (names) to writeup[m
[m
[33mcommit 3ec485762c6ffc5ff7059f3bd351371f9e3ae999[m[m
Author: Alex Schwendeman <schwena3@wwu.edu>[m
Date:   Thu Apr 9 20:14:55 2020 -0700[m
[m
    Added empty writeup[m
[m
[33mcommit 916ebe5b3a88527a719ce666035d9d1a893cb720[m[m
Author: swehrwein <swehrwein@gmail.com>[m
Date:   Thu Apr 9 18:07:26 2020 -0700[m
[m
    Setting up GitHub Classroom Feedback[m
[m
[33mcommit 337c914438b4a3962c598de829f9e6231c58434a[m[33m ([m[1;31morigin/feedback[m[33m)[m[m
Author: swehrwein <swehrwein@gmail.com>[m
Date:   Thu Apr 9 18:07:25 2020 -0700[m
[m
    Setting up GitHub Classroom Feedback[m
:[K[K[m
:[K[K[33mcommit fb4220e1a8377016277d34584721cf79d1f68913[m[m
:[K[KAuthor: swehrwein <swehrwein@gmail.com>[m
:[K[KDate:   Thu Apr 9 18:07:24 2020 -0700[m
:[K[K[m
:[K[K    Initial commit[m
:[K[K[K[7m(END)[27m[K[K[K[7m(END)[27m[K[K[K[7m(END)[27m[K[K [KESCESC[KOO[KBB[K[K[7m(END)[27m[K[K [KESCESC[KOO[KBB[K[K[7m(END)[27m[K[K[?1l>schwena3@cf405-17:~/CSCI241/Lab1/lab-1-Alex-Schwendeman$ git diff writeup.txt
[?1h=[K[?1l>schwena3@cf405-17:~/CSCI241/Lab1/lab-1-Alex-Schwendeman$ git diff
[?1h=[1mdiff --git a/typescript b/typescript[m[m
[1mindex f13e993..5044eb2 100644[m[m
[1m--- a/typescript[m[m
[1m+++ b/typescript[m[m
[36m@@ -97,4 +97,143 @@[m [mnothing added to commit but untracked files present (use "git add" to track)[m[m
 schwena3@cf405-19:~/CSCI241/Lab1/lab-1-Alex-Schwendeman$ ls[m[m
 build.gradle  settings.gradle  src  typescript writeup.txt[m[m
 schwena3@cf405-19:~/CSCI241/Lab1/lab-1-Alex-Schwendeman$ nano writeup.txt[m[m
[31m-[m[39;49m[39;49m[m[0;7m[ Reading File ][m[0;7m 1 line ][m[0;7m  GNU nano 2.9.3                                         writeup.txt                          [m [31m[m[39;49m[39;49m[m[0;7m[m[0;7m[m[0;7m                          [m[7m^M[27m[0;7m^G[m Get Help    [0;7m^O[m Write Out   [0;7m^W[m Where Is    [0;7m^K[m Cut Text    [0;7m^J[m Justify     [0;7m^C[m Cur Pos     [0;7mM-[m [31m[m[39;49m[39;49m[m[0;7m[m[0;7m[m[0;7m[m[0;7m[m[0;7m[m[0;7m[m[0;7m[m[0;7m[m[0;7m[m[0;7mU[m Undo[0;7mM-A[m Mark Text[7m^M[27m[0;7m^X[m Exit[0;7m^R[m Read File   [0;7m^\[m Replace     [0;7m^U[m Uncut Text  [0;7m^T[m To Spell    [0;7m^_[m Go To Line  [0;7mM-E[m Redo[m[m
\ No newline at end of file[m[m
[32m+[m[32m[m[39;49m[39;49m[m[0;7m[ Reading File ][m[0;7m 1 line ][m[0;7m  GNU nano 2.9.3                                         writeup.txt                          [m [32m[m[32m[m[39;49m[39;49m[m[0;7m[m[0;7m[m[0;7m                          [m[7m^M[27m[0;7m^G[m Get Help    [0;7m^O[m Write Out   [0;7m^W[m Where Is    [0;7m^K[m Cut Text    [0;7m^J[m Justify     [0;7m^C[m Cur Pos     [0;7mM-[m [32m[m[32m[m[39;49m[39;49m[m[0;7m[m[0;7m[m[0;7m[m[0;7m[m[0;7m[m[0;7m[m[0;7m[m[0;7m[m[0;7m[m[0;7mU[m Undo[0;7mM-A[m Mark Text[7m^M[27m[0;7m^X[m Exit[0;7m^R[m Read File   [0;7m^\[m Replace     [0;7m^U[m Uncut Text  [0;7m^T[m To Spell    [0;7m^_[m Go To Line  [0;7mM-E[m Redo[0;7mM-6[m Copy [m [32m[m[32m[m[39;49m[39;49m[m[0;7m[m[0;7m[m[0;7m[m[0;7m[m[0;7m[m[0;7m[m[0;7m[m[0;7m[m[0;7m[m[0;7m[m[0;7m[m[0;7m[m[0;7m[m[0;7m[m[0;7m[m[0;7m[m[0;7m[m[0;7m[m[0;7m[mText[7m^M[27m[39;49m[m1) Alex Schwendeman[7m^M[27m[0;7mModified[m[7m^M[27m2) playing Super Smash Br[7m^M[27mos. Ultimate[0;7mM-D[m DOS Format[0;7mM-A[m Append[0;7mB[m Backup File[0;7mC[m Cance[m [32m[m[32m[m[39;49m[39;49m[m[0;7m[m[0;7m[m[0;7m[m[0;7m[m[0;7m[m[0;7m[m[0;7m[m[0;7m[m[0;7m[m[0;7m[m[0;7m[m[0;7m[m[0;7m[m[0;7m[m[0;7m[m[0;7m[m[0;7m[m[0;7m[m[0;7m[m[39;49m[m[0;7m[m[0;7m[m[0;7m[m[0;7m[m[0;7m[ml[0;7mM-M[m Mac Format[0;7mM-P[m Prepend[0;7m^T[m To Files[7m^M[27m[0;7mFile Name to Write: writeup.txt                                                  [m [32m[m[32m[m[39;49m[39;49m[m[0;7m[m[0;7m[m[0;7m[m[0;7m[m[0;7m[m[0;7m[m[0;7m[m[0;7m[m[0;7m[m[0;7m[m[0;7m[m[0;7m[m[0;7m[m[0;7m[m[0;7m[m[0;7m[m[0;7m[m[0;7m[m[0;7m[m[39;49m[m[0;7m[m[0;7m[m[0;7m[m[0;7m[m[0;7m[m[0;7m[m[0;7m[m[0;7m[m[0;7m                                       [m[7m^M[27m[0;7m        [m[0;7m[ Wrote 2 lines ][m[0;7m^O[m Write Out   [0;7m^W[m Where Is    [0;7m^K[m Cut Text    [0;7m^J[m Justif[m [32m[m[32m[m[39;49m[39;49m[m[0;7m[m[0;7m[m[0;7m[m[0;7m[m[0;7m[m[0;7m[m[0;7m[m[0;7m[m[0;7m[m[0;7m[m[0;7m[m[0;7m[m[0;7m[m[0;7m[m[0;7m[m[0;7m[m[0;7m[m[0;7m[m[0;7m[m[39;49m[m[0;7m[m[0;7m[m[0;7m[m[0;7m[m[0;7m[m[0;7m[m[0;7m[m[0;7m[m[0;7m[m[0;7m[m[0;7m[m[0;7m[m[0;7m[m[0;7m[m[0;7m[my     [0;7m^C[m Cur Pos[0;7mU[m Undo       [0;7mM-A[m Mark Text[0;7mX[m Exit  [0;7m^R[m Read File   [0;7m^\[m Replace     [0;7m^U[m Uncut Text  [0;7m^T[m To Spell    [0;7m^_[m Go To L[m [32m[m[32m[m[39;49m[39;49m[m[0;7m[m[0;7m[m[0;7m[m[0;7m[m[0;7m[m[0;7m[m[0;7m[m[0;7m[m[0;7m[m[0;7m[m[0;7m[m[0;7m[m[0;7m[m[0;7m[m[0;7m[m[0;7m[m[0;7m[m[0;7m[m[0;7m[m[39;49m[m[0;7m[m[0;7m[m[0;7m[m[0;7m[m[0;7m[m[0;7m[m[0;7m[m[0;7m[m[0;7m[m[0;7m[m[0;7m[m[0;7m[m[0;7m[m[0;7m[m[0;7m[m[0;7m[m[0;7m[m[0;7m[m[0;7m[m[0;7m[m[0;7m[m[0;7m[m[0;7m[m[0;7m[mine  [0;7mM-E[m Redo       [0;7mM-6[m Copy Text[7m^M^M^M[27mschwena3@cf405-19:~/CSCI241/Lab1/lab-1-Alex-Schwendeman$ git status[m[41m[7m^M[27m[m[m
[32m+[m[32mOn branch 27m[m[m
[32m+[m[32m  (use "git checkout -- <file>..." to discard changes in working directory)[m[41m[7m^M[27m[m[m
[32m+[m[41m[7m^M[27m[m[m
[32m+[m       [32m[31mmodified:   writeup.txt[m[m[41m[7m^M[27m[m[m
:[K[K[?1l>schwena3@cf405-17:~/CSCI241/Lab1/lab-1-Alex-Schwendeman$ clear
[3J[H[2Jschwena3@cf405-17:~/CSCI241/Lab1/lab-1-Alex-Schwendeman$ exit
exit

Script done on 2020-04-10 08:48:46-0700
Script started on 2020-04-10 10:15:44-0700
schwena3@cf162-06:~/CSCI241/Lab1/lab-1-Alex-Schwendeman$ git diff writeup.[K[K[K[K[K[K[K[K[K[K[K[K[K[K[K[K[Kgit diff writeup.txt
[?1h=[K[?1l>schwena3@cf162-06:~/CSCI241/Lab1/lab-1-Alex-Schwendeman$ git status
On branch master
Your branch is up to date with 'origin/master'.

Changes not staged for commit:
  (use "git add <file>..." to update what will be committed)
  (use "git checkout -- <file>..." to discard changes in working directory)

	[31mmodified:   typescript[m

no changes added to commit (use "git add" and/or "git commit -a")
schwena3@cf162-06:~/CSCI241/Lab1/lab-1-Alex-Schwendeman$ git diff typescript
[?1h=[1mdiff --git a/typescript b/typescript[m[m
[1mindex f13e993..465abb2 100644[m[m
[1m--- a/typescript[m[m
[1m+++ b/typescript[m[m
[36m@@ -97,4 +97,301 @@[m [mnothing added to commit but untracked files present (use "git add" to track)[m[m
 schwena3@cf405-19:~/CSCI241/Lab1/lab-1-Alex-Schwendeman$ ls[m[m
 build.gradle  settings.gradle  src  typescript writeup.txt[m[m
 schwena3@cf405-19:~/CSCI241/Lab1/lab-1-Alex-Schwendeman$ nano writeup.txt[m[m
[31m-[m[39;49m[39;49m[m[0;7m[ Reading File ][m[0;7m 1 line ][m[0;7m  GNU nano 2.9.3                                         writeup.txt                          [m [31m[m[39;49m[39;49m[m[0;7m[m[0;7m[m[0;7m                          [m[7m^M[27m[0;7m^G[m Get Help    [0;7m^O[m Write Out   [0;7m^W[m Where Is    [0;7m^K[m Cut Text    [0;7m^J[m Justify     [0;7m^C[m Cur Pos     [0;7mM-[m [31m[m[39;49m[39;49m[m[0;7m[m[0;7m[m[0;7m[m[0;7m[m[0;7m[m[0;7m[m[0;7m[m[0;7m[m[0;7m[m[0;7mU[m Undo[0;7mM-A[m Mark Text[7m^M[27m[0;7m^X[m Exit[0;7m^R[m Read File   [0;7m^\[m Replace     [0;7m^U[m Uncut Text  [0;7m^T[m To Spell    [0;7m^_[m Go To Line  [0;7mM-E[m Redo[m[m
\ No newline at end of file[m[m
[32m+[m[32m[m[39;49m[39;49m[m[0;7m[ Reading File ][m[0;7m 1 line ][m[0;7m  GNU nano 2.9.3                                         writeup.txt                          [m [32m[m[32m[m[39;49m[39;49m[m[0;7m[m[0;7m[m[0;7m                          [m[7m^M[27m[0;7m^G[m Get Help    [0;7m^O[m Write Out   [0;7m^W[m Where Is    [0;7m^K[m Cut Text    [0;7m^J[m Justify     [0;7m^C[m Cur Pos     [0;7mM-[m [32m[m[32m[m[39;49m[39;49m[m[0;7m[m[0;7m[m[0;7m[m[0;7m[m[0;7m[m[0;7m[m[0;7m[m[0;7m[m[0;7m[m[0;7mU[m Undo[0;7mM-A[m Mark Text[7m^M[27m[0;7m^X[m Exit[0;7m^R[m Read File   [0;7m^\[m Replace     [0;7m^U[m Uncut Text  [0;7m^T[m To Spell    [0;7m^_[m Go To Line  [0;7mM-E[m Redo[0;7mM-6[m Copy [m [32m[m[32m[m[39;49m[39;49m[m[0;7m[m[0;7m[m[0;7m[m[0;7m[m[0;7m[m[0;7m[m[0;7m[m[0;7m[m[0;7m[m[0;7m[m[0;7m[m[0;7m[m[0;7m[m[0;7m[m[0;7m[m[0;7m[m[0;7m[m[0;7m[m[0;7m[mText[7m^M[27m[39;49m[m1) Alex Schwendeman[7m^M[27m[0;7mModified[m[7m^M[27m2) playing Super Smash Br[7m^M[27mos. Ultimate[0;7mM-D[m DOS Format[0;7mM-A[m Append[0;7mB[m Backup File[0;7mC[m Cance[m [32m[m[32m[m[39;49m[39;49m[m[0;7m[m[0;7m[m[0;7m[m[0;7m[m[0;7m[m[0;7m[m[0;7m[m[0;7m[m[0;7m[m[0;7m[m[0;7m[m[0;7m[m[0;7m[m[0;7m[m[0;7m[m[0;7m[m[0;7m[m[0;7m[m[0;7m[m[39;49m[m[0;7m[m[0;7m[m[0;7m[m[0;7m[m[0;7m[ml[0;7mM-M[m Mac Format[0;7mM-P[m Prepend[0;7m^T[m To Files[7m^M[27m[0;7mFile Name to Write: writeup.txt                                                  [m [32m[m[32m[m[39;49m[39;49m[m[0;7m[m[0;7m[m[0;7m[m[0;7m[m[0;7m[m[0;7m[m[0;7m[m[0;7m[m[0;7m[m[0;7m[m[0;7m[m[0;7m[m[0;7m[m[0;7m[m[0;7m[m[0;7m[m[0;7m[m[0;7m[m[0;7m[m[39;49m[m[0;7m[m[0;7m[m[0;7m[m[0;7m[m[0;7m[m[0;7m[m[0;7m[m[0;7m[m[0;7m                                       [m[7m^M[27m[0;7m        [m[0;7m[ Wrote 2 lines ][m[0;7m^O[m Write Out   [0;7m^W[m Where Is    [0;7m^K[m Cut Text    [0;7m^J[m Justif[m [32m[m[32m[m[39;49m[39;49m[m[0;7m[m[0;7m[m[0;7m[m[0;7m[m[0;7m[m[0;7m[m[0;7m[m[0;7m[m[0;7m[m[0;7m[m[0;7m[m[0;7m[m[0;7m[m[0;7m[m[0;7m[m[0;7m[m[0;7m[m[0;7m[m[0;7m[m[39;49m[m[0;7m[m[0;7m[m[0;7m[m[0;7m[m[0;7m[m[0;7m[m[0;7m[m[0;7m[m[0;7m[m[0;7m[m[0;7m[m[0;7m[m[0;7m[m[0;7m[m[0;7m[my     [0;7m^C[m Cur Pos[0;7mU[m Undo       [0;7mM-A[m Mark Text[0;7mX[m Exit  [0;7m^R[m Read File   [0;7m^\[m Replace     [0;7m^U[m Uncut Text  [0;7m^T[m To Spell    [0;7m^_[m Go To L[m [32m[m[32m[m[39;49m[39;49m[m[0;7m[m[0;7m[m[0;7m[m[0;7m[m[0;7m[m[0;7m[m[0;7m[m[0;7m[m[0;7m[m[0;7m[m[0;7m[m[0;7m[m[0;7m[m[0;7m[m[0;7m[m[0;7m[m[0;7m[m[0;7m[m[0;7m[m[39;49m[m[0;7m[m[0;7m[m[0;7m[m[0;7m[m[0;7m[m[0;7m[m[0;7m[m[0;7m[m[0;7m[m[0;7m[m[0;7m[m[0;7m[m[0;7m[m[0;7m[m[0;7m[m[0;7m[m[0;7m[m[0;7m[m[0;7m[m[0;7m[m[0;7m[m[0;7m[m[0;7m[m[0;7m[mine  [0;7mM-E[m Redo       [0;7mM-6[m Copy Text[7m^M^M^M[27mschwena3@cf405-19:~/CSCI241/Lab1/lab-1-Alex-Schwendeman$ git status[m[41m[7m^M[27m[m[m
[32m+[m[32mOn branch master[m[41m[7m^M[27m[m[m
[32m+[m[32mYour branch is ahead of 'origin/master' by 1 commit.[m[41m[7m^M[27m[m[m
[32m+[m[32m  (use "git push" to publish your local commits)[m[41m[7m^M[27m[m[m
[32m+[m[41m[7m^M[27m[m[m
[32m+[m[32mChanges not staged for commit:[m[41m[7m^M[27m[m[m
[32m+[m[32m  (use "git add <file>..." to update what will be committed)[m[41m[7m^M[27m[m[m
[32m+[m[32m  (use "git checkout -- <file>..." to discard changes in working directory)[m[41m[7m^M[27m[m[m
[32m+[m[41m[7m^M[27m[m[m
[32m+[m       [32m[31mmodified:   writeup.txt[m[m[41m[7m^M[27m[m[m
:[K[K[?1l>schwena3@cf162-06:~/CSCI241/Lab1/lab-1-Alex-Schwendeman$ git diff writeup.txt HEAD~1
fatal: HEAD~1: no such path in the working tree.
Use 'git <command> -- <path>...' to specify paths that do not exist locally.
schwena3@cf162-06:~/CSCI241/Lab1/lab-1-Alex-Schwendeman$ exit
exit

Script done on 2020-04-10 10:23:06-0700
Script started on 2020-04-12 00:34:14-0700
schwena3@cf405-23:~/CSCI241/Lab1/lab-1-Alex-Schwendeman$ cd src && cd main cd[K[K&& cd java && cd lab1 && nano Hello.java
[?1049h[22;0;0t[1;30r(B[m[4l[?7h[39;49m[?1h=[?1h=[?1h=[?25l[39;49m(B[m[H[2J[28;53H(B[0;7m[ Reading File ](B[m[28;59H(B[0;7m 7 lines ](B[m[H(B[0;7m  GNU nano 2.9.3                                          Hello.java                                                    [1;119H(B[m[29d(B[0;7m^G(B[m Get Help    (B[0;7m^O(B[m Write Out   (B[0;7m^W(B[m Where Is    (B[0;7m^K(B[m Cut Text    (B[0;7m^J(B[m Justify     (B[0;7m^C(B[m Cur Pos     (B[0;7mM-U(B[m Undo[106G(B[0;7mM-A(B[m Mark Text[30d(B[0;7m^X(B[m Exit[30;16H(B[0;7m^R(B[m Read File   (B[0;7m^\(B[m Replace     (B[0;7m^U(B[m Uncut Text  (B[0;7m^T(B[m To Spell    (B[0;7m^_(B[m Go To Line  (B[0;7mM-E(B[m Redo[106G(B[0;7mM-6(B[m Copy Text[28d[3d[39;49m[36mpackage[39m(B[m lab1;[5d[36mpublic[39m(B[m [36mclass[39m(B[m Hello {[6;3H[36mpublic[39m(B[m [36mstatic[39m(B[m [32mvoid[39m(B[m main(String[] args) {[7;5HSystem.out.println([31m"Hello, world!"[39m(B[m);[8;3H}[9d}[3d[?12l[?25h[?25l[4d[?12l[?25h[?25l[5d[?12l[?25h[?25l[6d[?12l[?25h[?25l[7d[?12l[?25h[?25l[6;43H[?12l[?25h[?25l[?12l[?25h[?25l[7d[?12l[?25h[?25l[?12l[?25h[?25l[?12l[?25h[?25l[?12l[?25h[?25l[?12l[?25h[?25l[1;111H(B[0;7mModified(B[m[7;36H[31m!"[39m(B[m);[K[?12l[?25h[?25l[31m!"[39m(B[m);[K[?12l[?25h[?25l[31m!"[39m(B[m);[K[?12l[?25h[?25l[31m!"[39m(B[m);[K[?12l[?25h[?25l[31m!"[39m(B[m);[K[?12l[?25h[?25l[31m"[39m(B[m!");[?12l[?25h[?25l !");[?12l[?25h[?25l+!");[?12l[?25h[?25l !");[?12l[?25h[?25la!");[?12l[?25h[?25lr!");[?12l[?25h[?25lg!");[?12l[?25h[?25ls!");[?12l[?25h[?25l[!");[?12l[?25h[?25l0!");[28d[K[7;42H[?12l[?25h[?25l]!");[?12l[?25h[?25l !");[?12l[?25h[?25l+!");[?12l[?25h[?25l[31m"!"[39m(B[m);[?12l[?25h[?25l[31m !"[39m(B[m);[?12l[?25h[?25l[31m!"[39m(B[m);[K[?12l[?25h[?25l!");[K[?12l[?25h[?25l !");[?12l[?25h[?25l[31m"!"[39m(B[m);[?12l[?25h[?25l[29;16H[15X[29;31H(B[0;7mM-D(B[m DOS Format[16X[29;61H(B[0;7mM-A(B[m Append[15X[29;93H(B[0;7mB(B[m Backup File[K[30;2H(B[0;7mC(B[m Cancel[16G[15X[30;31H(B[0;7mM-M(B[m Mac Format[16X[30;61H(B[0;7mM-P(B[m Prepend[19X[30;91H(B[0;7m^T(B[m To Files[K[28d(B[0;7mFile Name to Write: Hello.java                                                                                          [28;1H(B[m[28;31H[?12l[?25h[?25l[K[1;119H[1;111H(B[0;7m        (B[m[28;52H(B[0;7m[ Wrote 7 lines ](B[m[29;16H(B[0;7m^O(B[m Write Out   (B[0;7m^W(B[m Where Is    (B[0;7m^K(B[m Cut Text    (B[0;7m^J(B[m Justify     (B[0;7m^C(B[m Cur Pos[93G(B[0;7mU(B[m Undo       (B[0;7mM-A(B[m Mark Text[30;2H(B[0;7mX(B[m Exit  [16G(B[0;7m^R(B[m Read File   (B[0;7m^\(B[m Replace     (B[0;7m^U(B[m Uncut Text  (B[0;7m^T(B[m To Spell    (B[0;7m^_(B[m Go To Line  (B[0;7mM-E(B[m Redo       (B[0;7mM-6(B[m Copy Text[28d[7;47H[?12l[?25h[?25l[28d[J[30;120H[?12l[?25h[30;1H[?1049l[23;0;0t[?1l>schwena3@cf405-23:~/CSCI241/Lab1/lab-1-Alex-Schwendeman/src/main/java/lab1$ cd .. && cd .. && cd .. && cd ..
schwena3@cf405-23:~/CSCI241/Lab1/lab-1-Alex-Schwendeman$ gradle run --args="241"
Starting a Gradle Daemon, 1 incompatible and 2 stopped Daemons could not be reused, use --status for details


[2A[1B[1m> Starting Daemon[m[17D[1B[1A> IDLE[0K[6D[1B[2A[1m<[0;1m-------------> 0% INITIALIZING [86ms][m[38D[1B[1m> Evaluating settings[m[21D[1B[2A[1m<[0;1m-------------> 0% INITIALIZING [186ms][m[39D[2B[2A[1m<[0;1m-------------> 0% INITIALIZING [286ms][m[39D[2B[2A[1m<[0;1m-------------> 0% INITIALIZING [386ms][m[39D[2B[2A[1m<[0;1m-------------> 0% INITIALIZING [486ms][m[39D[2B[2A[1m<[0;1m-------------> 0% INITIALIZING [586ms][m[39D[2B[2A[1m<[0;1m-------------> 0% CONFIGURING [686ms][m[0K[38D[1B[1m> root project[m[0K[14D[1B[2A[1m<[0;1m-------------> 0% CONFIGURING [786ms][m[38D[2B[2A[1m<[0;1m-------------> 0% CONFIGURING [886ms][m[38D[2B[2A[1m<[0;1m-------------> 0% CONFIGURING [986ms][m[38D[2B[2A[1m<[0;1m-------------> 0% CONFIGURING [1s][m[0K[35D[2B[2A[1m<[0;32;1m=============[0;39;1m> 100% CONFIGURING [1s][m[37D[1B> IDLE[0K[6D[1B[2A[1m<[0;1m-------------> 0% EXECUTING [1s][m[0K[33D[1B[1m> :compileJava[m[14D[1B[1A[1m> :compileJava > Resolve dependencies of :compileClasspath[m[58D[1B[1A[1m> :compileJava > Resolve files of :compileClasspath[m[0K[51D[1B[2A[1m<[0;32;1m=========[0;39;1m----> 75% EXECUTING [1s][m[34D[1B[1m> :run[m[0K[6D[1B[2A[0K
[1m> Task :run[m
Hello, 241!

[32;1mBUILD SUCCESSFUL[0;39m in 6s
2 actionable tasks: 1 executed, 1 up-to-date
[0K
[0K
[2A[1m<[0;1m-------------> 0% WAITING[m[26D[1B> IDLE[6D[1B[2A[2K[1B[2K[1A[0m[?12l[?25hschwena3@cf405-23:~/CSCI241/Lab1/lab-1-Alex-Schwendeman$ gradle run --args="241"


[2A[1m<[0;1m-------------> 0% EXECUTING [59ms][m[35D[1B[1m> :compileJava > Resolve dependencies of :compileClasspath[m[58D[1B[2A[0K
[1m> Task :run[m[0K
Hello, 241!

[32;1mBUILD SUCCESSFUL[0;39m in 559ms
2 actionable tasks: 1 executed, 1 up-to-date
[0K
[0K
[2A[1m<[0;1m-------------> 0% WAITING[m[26D[1B> IDLE[6D[1B[2A[2K[1B[2K[1A[0m[?12l[?25hschwena3@cf405-23:~/CSCI241/Lab1/lab-1-Alex-Schwendeman$ gradle run --args="Alex"


[2A[1m<[0;1m-------------> 0% EXECUTING [59ms][m[35D[1B[1m> :compileJava > Resolve dependencies of :compileClasspath[m[58D[1B[2A[0K
[1m> Task :run[m[0K
Hello, Alex!

[32;1mBUILD SUCCESSFUL[0;39m in 510ms
2 actionable tasks: 1 executed, 1 up-to-date
[0K
[0K
[2A[1m<[0;1m-------------> 0% WAITING[m[26D[1B> IDLE[6D[1B[2A[2K[1B[2K[1A[0m[?12l[?25hschwena3@cf405-23:~/CSCI241/Lab1/lab-1-Alex-Schwendeman$ git add arc[K[K[Ksrc/main/java/lab1/Hello.java
schwena3@cf405-23:~/CSCI241/Lab1/lab-1-Alex-Schwendeman$ git commit -m "Hellow[K now prints command line arg"
[master 105191c] Hello now prints command line arg
 1 file changed, 1 insertion(+), 1 deletion(-)
schwena3@cf405-23:~/CSCI241/Lab1/lab-1-Alex-Schwendeman$ git push
Username for 'https://github.com': schwena3        Alex-Schwendeman
Password for 'https://Alex-Schwendeman@github.com': 
Counting objects: 11, done.
Delta compression using up to 8 threads.
Compressing objects:  14% (1/7)   Compressing objects:  28% (2/7)   Compressing objects:  42% (3/7)   Compressing objects:  57% (4/7)   Compressing objects:  71% (5/7)   Compressing objects:  85% (6/7)   Compressing objects: 100% (7/7)   Compressing objects: 100% (7/7), done.
Writing objects:   9% (1/11)   Writing objects:  18% (2/11)   Writing objects:  27% (3/11)   Writing objects:  36% (4/11)   Writing objects:  45% (5/11)   Writing objects:  54% (6/11)   Writing objects:  63% (7/11)   Writing objects:  72% (8/11)   Writing objects:  81% (9/11)   Writing objects:  90% (10/11)   Writing objects: 100% (11/11)   Writing objects: 100% (11/11), 10.64 KiB | 2.66 MiB/s, done.
Total 11 (delta 3), reused 0 (delta 0)
remote: Resolving deltas:   0% (0/3)[Kremote: Resolving deltas:  66% (2/3)[Kremote: Resolving deltas: 100% (3/3)[Kremote: Resolving deltas: 100% (3/3), completed with 2 local objects.[K
To https://github.com/csci241-20s/lab-1-Alex-Schwendeman
   d44acd9..105191c  master -> master
schwena3@cf405-23:~/CSCI241/Lab1/lab-1-Alex-Schwendeman$ exit
exit

Script done on 2020-04-12 00:37:46-0700
