Script started on 2020-04-09 18:06:18-0700
schwena3@cf405-17:~/CSCI241/Lab1$ git clone ^V[K[K https://github.com/csci241-20s/lab-1-Alex-Schwendeman
Cloning into 'lab-1-Alex-Schwendeman'...
remote: Enumerating objects: 14, done.[K
remote: Counting objects:   7% (1/14)[Kremote: Counting objects:  14% (2/14)[Kremote: Counting objects:  21% (3/14)[Kremote: Counting objects:  28% (4/14)[Kremote: Counting objects:  35% (5/14)[Kremote: Counting objects:  42% (6/14)[Kremote: Counting objects:  50% (7/14)[Kremote: Counting objects:  57% (8/14)[Kremote: Counting objects:  64% (9/14)[Kremote: Counting objects:  71% (10/14)[Kremote: Counting objects:  78% (11/14)[Kremote: Counting objects:  85% (12/14)[Kremote: Counting objects:  92% (13/14)[Kremote: Counting objects: 100% (14/14)[Kremote: Counting objects: 100% (14/14), done.[K
remote: Compressing objects:  12% (1/8)[Kremote: Compressing objects:  25% (2/8)[Kremote: Compressing objects:  37% (3/8)[Kremote: Compressing objects:  50% (4/8)[Kremote: Compressing objects:  62% (5/8)[Kremote: Compressing objects:  75% (6/8)[Kremote: Compressing objects:  87% (7/8)[Kremote: Compressing objects: 100% (8/8)[Kremote: Compressing objects: 100% (8/8), done.[K
remote: Total 14 (delta 2), reused 0 (delta 0), pack-reused 0[K
Unpacking objects:   7% (1/14)   Unpacking objects:  14% (2/14)   Unpacking objects:  21% (3/14)   Unpacking objects:  28% (4/14)   Unpacking objects:  35% (5/14)   Unpacking objects:  42% (6/14)   Unpacking objects:  50% (7/14)   Unpacking objects:  57% (8/14)   Unpacking objects:  64% (9/14)   Unpacking objects:  71% (10/14)   Unpacking objects:  78% (11/14)   Unpacking objects:  85% (12/14)   Unpacking objects:  92% (13/14)   Unpacking objects: 100% (14/14)   Unpacking objects: 100% (14/14), done.
schwena3@cf405-17:~/CSCI241/Lab1$ ls
lab-1-Alex-Schwendeman	typescript
schwena3@cf405-17:~/CSCI241/Lab1$ git config --gloa[Kbal user.name "Alex Schwendeman"
schwena3@cf405-17:~/CSCI241/Lab1$ git config --global s[Kuser.email schwena3@wwu.edu
schwena3@cf405-17:~/CSCI241/Lab1$ touch writeup.txt
schwena3@cf405-17:~/CSCI241/Lab1$ git add writeup.txt # [K[K[K[Kt
fatal: not a git repository (or any parent up to mount point /)
Stopping at filesystem boundary (GIT_DISCOVERY_ACROSS_FILESYSTEM not set).
schwena3@cf405-17:~/CSCI241/Lab1$ ls
lab-1-Alex-Schwendeman	typescript  writeup.txt
schwena3@cf405-17:~/CSCI241/Lab1$ git add writeup.txt
fatal: not a git repository (or any parent up to mount point /)
Stopping at filesystem boundary (GIT_DISCOVERY_ACROSS_FILESYSTEM not set).
schwena3@cf405-17:~/CSCI241/Lab1$ "git add help[K[K[K[K[K[K[K[K[K[K[K[K[Kgit help add
[?1049h[22;0;0t[?1h=GIT-ADD(1)                                            Git Manual                                           GIT-ADD(1)[m
[m
[1mNAME[0m[m
       git-add - Add file contents to the index[m
[m
[1mSYNOPSIS[0m[m
       [4mgit[24m [4madd[24m [--verbose | -v] [--dry-run | -n] [--force | -f] [--interactive | -i] [--patch | -p][m
                 [--edit | -e] [--[no-]all | --[no-]ignore-removal | [--update | -u]][m
                 [--intent-to-add | -N] [--refresh] [--ignore-errors] [--ignore-missing] [--renormalize][m
                 [--chmod=(+|-)x] [--] [<pathspec>...][m
[m
[1mDESCRIPTION[0m[m
       This command updates the index using the current content found in the working tree, to prepare the content[m
       staged for the next commit. It typically adds the current content of existing paths as a whole, but with some[m
       options it can also be used to add content with only part of the changes made to the working tree files[m
       applied, or remove paths that do not exist in the working tree anymore.[m
[m
       The "index" holds a snapshot of the content of the working tree, and it is this snapshot that is taken as the[m
       contents of the next commit. Thus after making any changes to the working tree, and before running the commit[m
       command, you must use the [1madd[0m command to add any new or modified files to the index.[m
[m
       This command can be performed multiple times before a commit. It only adds the content of the specified[m
       file(s) at the time the add command is run; if you want subsequent changes included in the next commit, then[m
       you must run [1mgit[0m [1madd[0m again to add the new content to the index.[m
[m
       The [1mgit[0m [1mstatus[0m command can be used to obtain a summary of which files have changes that are staged for the[m
       next commit.[m
[m
       The [1mgit[0m [1madd[0m command will not add ignored files by default. If any ignored files were explicitly specified on[m
[7m Manual page git-add(1) line 1 (press h for help or q to quit)[27m[K[K[?1l>[?1049l[23;0;0tschwena3@cf405-17:~/CSCI241/Lab1$ exit
exit

Script done on 2020-04-09 18:17:20-0700
Script started on 2020-04-09 20:13:37-0700
schwena3@cf405-19:~/CSCI241/Lab1/lab-1-Alex-Schwendeman$ git add writeup.txt 
schwena3@cf405-19:~/CSCI241/Lab1/lab-1-Alex-Schwendeman$ git commit -m "Added empty writeup"
[master 3ec4857] Added empty writeup
 1 file changed, 0 insertions(+), 0 deletions(-)
 create mode 100644 writeup.txt
schwena3@cf405-19:~/CSCI241/Lab1/lab-1-Alex-Schwendeman$ git push
Username for 'https://github.com': s schwena       Alex-Schwendeman
Password for 'https://Alex-Schwendeman@github.com': 
remote: Invalid username or password.
fatal: Authentication failed for 'https://github.com/csci241-20s/lab-1-Alex-Schwendeman/'
schwena3@cf405-19:~/CSCI241/Lab1/lab-1-Alex-Schwendeman$ git push
Username for 'https://github.com': Alex-Schwendeman
Password for 'https://Alex-Schwendeman@github.com': 
Counting objects: 2, done.
Delta compression using up to 8 threads.
Compressing objects:  50% (1/2)   Compressing objects: 100% (2/2)   Compressing objects: 100% (2/2), done.
Writing objects:  50% (1/2)   Writing objects: 100% (2/2)   Writing objects: 100% (2/2), 272 bytes | 272.00 KiB/s, done.
Total 2 (delta 1), reused 0 (delta 0)
remote: Resolving deltas:   0% (0/1)[Kremote: Resolving deltas: 100% (1/1)[Kremote: Resolving deltas: 100% (1/1), completed with 1 local object.[K
To https://github.com/csci241-20s/lab-1-Alex-Schwendeman
   916ebe5..3ec4857  master -> master
schwena3@cf405-19:~/CSCI241/Lab1/lab-1-Alex-Schwendeman$ nano /path/to/writeup.txt
[?1049h[22;0;0t[1;30r(B[m[4l[?7h[39;49m[?1h=[?1h=[?1h=[?25l[39;49m(B[m[H[2J[28;41H(B[0;7m[ Directory '/path/to' does not exist ](B[m[H(B[0;7m  GNU nano 2.9.3                                     /path/to/writeup.txt                                               [1;119H(B[m[29d(B[0;7m^G(B[m Get Help    (B[0;7m^O(B[m Write Out   (B[0;7m^W(B[m Where Is    (B[0;7m^K(B[m Cut Text    (B[0;7m^J(B[m Justify     (B[0;7m^C(B[m Cur Pos     (B[0;7mM-U(B[m Undo[106G(B[0;7mM-A(B[m Mark Text[30d(B[0;7m^X(B[m Exit[30;16H(B[0;7m^R(B[m Read File   (B[0;7m^\(B[m Replace     (B[0;7m^U(B[m Uncut Text  (B[0;7m^T(B[m To Spell    (B[0;7m^_(B[m Go To Line  (B[0;7mM-E(B[m Redo[106G(B[0;7mM-6(B[m Copy Text[28d[3d[39;49m(B[m[?12l[?25h[?25l[?12l[?25h[?25l[?12l[?25h[?25l[?12l[?25h[?25l[1;111H(B[0;7mModified(B[m[3d1[?12l[?25h[?25l)[?12l[?25h[?25l [?12l[?25h[?25lA[?12l[?25h[?25ll[?12l[?25h[?25le[?12l[?25h[?25lx[?12l[?25h[?25l [?12l[?25h[?25lS[?12l[?25h[?25lc[?12l[?25h[?25lh[?12l[?25h[?25lw[?12l[?25h[?25le[?12l[?25h[?25ln[?12l[?25h[?25ld[?12l[?25h[?25le[?12l[?25h[?25lm[?12l[?25h[?25la[?12l[?25h[?25ln[?12l[?25h[?25l[?12l[?25h[?25lw[?12l[?25h[?25l [?12l[?25h[?25l[28d[K[29;16H  (B[0;7mM-C(B[m Case Sens    (B[0;7mM-B(B[m Backwards    (B[0;7mM-J(B[m FullJstify   (B[0;7m^W(B[m Beg of Par    (B[0;7m^Y(B[m First Line    (B[0;7m^P(B[m PrevHstory[K[30;2H(B[0;7mC(B[m Cancel[16G  (B[0;7mM-R(B[m Regexp       (B[0;7m^R(B[m Replace       (B[0;7m^T(B[m Go To Line    (B[0;7m^O(B[m End of Par    (B[0;7m^V(B[m Last Line     (B[0;7m^N(B[m NextHstory[K[28d(B[0;7mSearch:                                                                                                                 [28;1H(B[m[28;9H[?12l[?25h[?25l(B[0;7mA(B[m[28;10H[?12l[?25h[?25l(B[0;7ml(B[m[28;11H[?12l[?25h[?25l(B[0;7me(B[m[28;12H[?12l[?25h[?25l(B[0;7mx(B[m[28;13H[?12l[?25h[?25l[28;14H[?12l[?25h[?25l(B[0;7mS(B[m[28;15H[?12l[?25h[?25l(B[0;7mc(B[m[28;16H[?12l[?25h[?25l(B[0;7mh(B[m[28;17H[?12l[?25h[?25l(B[0;7mw(B[m[28;18H[?12l[?25h[?25l(B[0;7me(B[m[28;19H[?12l[?25h[?25l(B[0;7mn(B[m[28;20H[?12l[?25h[?25l(B[0;7md(B[m[28;21H[?12l[?25h[?25l(B[0;7me(B[m[28;22H[?12l[?25h[?25l(B[0;7mm(B[m[28;23H[?12l[?25h[?25l(B[0;7ma(B[m[28;24H[?12l[?25h[?25l(B[0;7mn(B[m[28;25H[?12l[?25h[?25l[28;51H[1K (B[0;7m[ Search Wrapped ](B[m[K[29;16H(B[0;7m^O(B[m Write Out   (B[0;7m^W(B[m Where Is    (B[0;7m^K(B[m Cut Text    (B[0;7m^J(B[m Justify     (B[0;7m^C(B[m Cur Pos     (B[0;7mM-U(B[m Undo       (B[0;7mM-A(B[m Mark Text[30;2H(B[0;7mX(B[m Exit  [16G(B[0;7m^R(B[m Read File   (B[0;7m^\(B[m Replace     (B[0;7m^U(B[m Uncut Text  (B[0;7m^T(B[m To Spell    (B[0;7m^_(B[m Go To Line  (B[0;7mM-E(B[m Redo       (B[0;7mM-6(B[m Copy Text[28d[3;4H[?12l[?25h[?25l[?12l[?25h[?25l [?12l[?25h[?25lA[?12l[?25h[?25ll[?12l[?25h[?25le[?12l[?25h[?25lx[?12l[?25h[?25l [?12l[?25h[?25lS[?12l[?25h[?25lc[?12l[?25h[?25lh[?12l[?25h[?25lw[?12l[?25h[?25le[?12l[?25h[?25ln[?12l[?25h[?25ld[?12l[?25h[?25le[?12l[?25h[?25lm[?12l[?25h[?25la[?12l[?25h[?25ln[?12l[?25h[?25l[4d[?12l[?25h[?25l[?12l[?25h[?25l[?12l[?25h[?25l[?12l[?25h[?25l[?12l[?25h[?25l[3;20H[?12l[?25h[?25l[?12l[?25h[?25l[28d[K[3;18H[?12l[?25h[?25l[?12l[?25h[?25l[?12l[?25h[?25l[?12l[?25h[?25l[?12l[?25h[?25l[?12l[?25h[?25l[?12l[?25h[?25l[?12l[?25h[?25l[?12l[?25h[?25l[?12l[?25h[?25l[?12l[?25h[?25l[?12l[?25h[?25l[?12l[?25h[?25l[?12l[?25h[?25l[?12l[?25h[?25l[?12l[?25h[?25l[?12l[?25h[?25l[?12l[?25h[?25l[?12l[?25h[?25l[?12l[?25h[?25l[?12l[?25h[?25l[?12l[?25h[?25l1[?12l[?25h[?25l)[?12l[?25h[?25l [?12l[?25h[?25lA[?12l[?25h[?25ll[?12l[?25h[?25le[?12l[?25h[?25lx[?12l[?25h[?25l [?12l[?25h[?25lS[?12l[?25h[?25lc[?12l[?25h[?25lh[?12l[?25h[?25lw[?12l[?25h[?25le[?12l[?25h[?25ln[?12l[?25h[?25ld[?12l[?25h[?25le[?12l[?25h[?25lm[?12l[?25h[?25la[?12l[?25h[?25ln[?12l[?25h[?25l[4d[?12l[?25h[?25l[?12l[?25h[?25l[?12l[?25h[?25l[?12l[?25h[?25l[3;20H[?12l[?25h[?25l [?12l[?25h[?25ln[?12l[?25h[?25l[28d(B[0;7mSave modified buffer?  (Answering "No" will DISCARD changes.)                                                           [29;1H Y(B[m Yes[K[30d(B[0;7m N(B[m No  [30;16H (B[0;7m^C(B[m Cancel[K[28;63H[?12l[?25h[?25l[29d(B[0;7m^G(B[m Get Help[29;31H(B[0;7mM-D(B[m DOS Format[29;61H(B[0;7mM-A(B[m Append[29;91H(B[0;7mM-B(B[m Backup File[30d(B[0;7m^C(B[m Cancel[17G[14X[30;31H(B[0;7mM-M(B[m Mac Format[30;61H(B[0;7mM-P(B[m Prepend[30;91H(B[0;7m^T(B[m To Files[28d(B[0;7mFile Name to Write: /path/to/writeup.txt                     (B[m[28;41H[?12l[?25h[?25l[K[1;119H[28;28H(B[0;7m[ Error writing /path/to/writeup.txt: No such file or directory ](B[m[29;16H(B[0;7m^O(B[m Write Out   (B[0;7m^W(B[m Where Is    (B[0;7m^K(B[m Cut Text    (B[0;7m^J(B[m Justify     (B[0;7m^C(B[m Cur Pos[93G(B[0;7mU(B[m Undo       (B[0;7mM-A(B[m Mark Text[30;2H(B[0;7mX(B[m Exit  [16G(B[0;7m^R(B[m Read File   (B[0;7m^\(B[m Replace     (B[0;7m^U(B[m Uncut Text  (B[0;7m^T(B[m To Spell    (B[0;7m^_(B[m Go To Line  (B[0;7mM-E(B[m Redo       (B[0;7mM-6(B[m Copy Text[28d[3;20H[?12l[?25h[?25l[28d(B[0;7mSave modified buffer?  (Answering "No" will DISCARD changes.)                                                           [29;1H Y(B[m Yes[K[30d(B[0;7m N(B[m No  [30;16H (B[0;7m^C(B[m Cancel[K[28;63H[?12l[?25h[?25l[29d(B[0;7m^G(B[m Get Help[29;31H(B[0;7mM-D(B[m DOS Format[29;61H(B[0;7mM-A(B[m Append[29;91H(B[0;7mM-B(B[m Backup File[30d(B[0;7m^C(B[m Cancel[17G[14X[30;31H(B[0;7mM-M(B[m Mac Format[30;61H(B[0;7mM-P(B[m Prepend[30;91H(B[0;7m^T(B[m To Files[28d(B[0;7mFile Name to Write: /path/to/writeup.txt                     (B[m[28;41H[?12l[?25h[?25l(B[0;7m (B[m[28;40H[?12l[?25h[?25l(B[0;7m (B[m[28;39H[?12l[?25h[?25l(B[0;7m (B[m[28;38H[?12l[?25h[?25l(B[0;7m (B[m[28;37H[?12l[?25h[?25l(B[0;7m (B[m[28;36H[?12l[?25h[?25l(B[0;7m (B[m[28;35H[?12l[?25h[?25l(B[0;7m (B[m[28;34H[?12l[?25h[?25l(B[0;7m (B[m[28;33H[?12l[?25h[?25l(B[0;7m (B[m[28;32H[?12l[?25h[?25l(B[0;7m (B[m[28;31H[?12l[?25h[?25l(B[0;7m (B[m[28;30H[?12l[?25h[?25l(B[0;7m (B[m[28;29H[?12l[?25h[?25l(B[0;7m (B[m[28;28H[?12l[?25h[?25l(B[0;7m (B[m[28;27H[?12l[?25h[?25l(B[0;7m (B[m[28;26H[?12l[?25h[?25l(B[0;7m (B[m[28;25H[?12l[?25h[?25l(B[0;7m (B[m[28;24H[?12l[?25h[?25l(B[0;7m (B[m[28;23H[?12l[?25h[?25l(B[0;7m (B[m[28;22H[?12l[?25h[?25l(B[0;7m (B[m[28;21H[?12l[?25h[?25l[28;21H[?12l[?25h[?25l(B[0;7mw(B[m[28;22H[?12l[?25h[?25l(B[0;7mr(B[m[28;23H[?12l[?25h[?25l(B[0;7mi(B[m[28;24H[?12l[?25h[?25l(B[0;7mt(B[m[28;25H[?12l[?25h[?25l(B[0;7me(B[m[28;26H[?12l[?25h[?25l(B[0;7mu(B[m[28;27H[?12l[?25h[?25l(B[0;7mp(B[m[28;28H[?12l[?25h[?25l(B[0;7m.(B[m[28;29H[?12l[?25h[?25l(B[0;7mt(B[m[28;30H[?12l[?25h[?25l(B[0;7mx(B[m[28;31H[?12l[?25h[?25l(B[0;7mt(B[m[28;32H[?12l[?25h[?25l(B[0;7mSave file under DIFFERENT NAME?[29d Y(B[m Yes[K[30d(B[0;7m N(B[m No    [17G(B[0;7m^C(B[m Cancel[K[28;33H[?12l[?25h[?25l[29d(B[0;7m^G(B[m Get Help[29;31H(B[0;7mM-D(B[m DOS Format[29;61H(B[0;7mM-A(B[m Append[29;91H(B[0;7mM-B(B[m Backup File[30d(B[0;7m^C(B[m Cancel[17G[14X[30;31H(B[0;7mM-M(B[m Mac Format[30;61H(B[0;7mM-P(B[m Prepend[30;91H(B[0;7m^T(B[m To Files[28d(B[0;7mFile Name to Write: writeup.txt(B[m[28;32H[?12l[?25h[?25l(B[0;7mSave file under DIFFERENT NAME?[29d Y(B[m Yes[K[30d(B[0;7m N(B[m No    [17G(B[0;7m^C(B[m Cancel[K[28;33H[?12l[?25h[?25l[29d(B[0;7m^G(B[m Get Help[29;31H(B[0;7mM-D(B[m DOS Format[29;61H(B[0;7mM-A(B[m Append[29;91H(B[0;7mM-B(B[m Backup File[30d(B[0;7m^C(B[m Cancel[17G[14X[30;31H(B[0;7mM-M(B[m Mac Format[30;61H(B[0;7mM-P(B[m Prepend[30;91H(B[0;7m^T(B[m To Files[28d(B[0;7mFile Name to Write: writeup.txt(B[m[28;32H[?12l[?25h[?25l[28;32H[?12l[?25h[?25l[28;32H[?12l[?25h[?25l(B[0;7m (B[m[28;31H[?12l[?25h[?25l(B[0;7m (B[m[28;30H[?12l[?25h[?25l(B[0;7m (B[m[28;29H[?12l[?25h[?25l(B[0;7m (B[m[28;28H[?12l[?25h[?25l(B[0;7m (B[m[28;27H[?12l[?25h[?25l(B[0;7m (B[m[28;26H[?12l[?25h[?25l(B[0;7m (B[m[28;25H[?12l[?25h[?25l(B[0;7m (B[m[28;24H[?12l[?25h[?25l(B[0;7m (B[m[28;23H[?12l[?25h[?25l(B[0;7m (B[m[28;22H[?12l[?25h[?25l(B[0;7m (B[m[28;21H[?12l[?25h[?25l[28;21H[?12l[?25h[?25l[28;21H[?12l[?25h[?25l[28;21H[?12l[?25h[?25l(B[0;7m/(B[m[28;22H[?12l[?25h[?25l(B[0;7mp(B[m[28;23H[?12l[?25h[?25l(B[0;7ma(B[m[28;24H[?12l[?25h[?25l(B[0;7mt(B[m[28;25H[?12l[?25h[?25l(B[0;7mh(B[m[28;26H[?12l[?25h[?25l(B[0;7m/(B[m[28;27H[?12l[?25h[?25l(B[0;7mt(B[m[28;28H[?12l[?25h[?25l(B[0;7mo(B[m[28;29H[?12l[?25h[?25l(B[0;7m/(B[m[28;30H[?12l[?25h[?25l(B[0;7mw(B[m[28;31H[?12l[?25h[?25l(B[0;7mr(B[m[28;32H[?12l[?25h[?25l(B[0;7mi(B[m[28;33H[?12l[?25h[?25l(B[0;7mt(B[m[28;34H[?12l[?25h[?25l(B[0;7me(B[m[28;35H[?12l[?25h[?25l(B[0;7mu(B[m[28;36H[?12l[?25h[?25l(B[0;7mp(B[m[28;37H[?12l[?25h[?25l(B[0;7m.(B[m[28;38H[?12l[?25h[?25l(B[0;7mt(B[m[28;39H[?12l[?25h[?25l(B[0;7mx(B[m[28;40H[?12l[?25h[?25l(B[0;7mt(B[m[28;41H[?12l[?25h[?25l(B[0;7m/(B[m[28;42H[?12l[?25h[?25l(B[0;7mSave file under DIFFERENT NAME?          [29d Y(B[m Yes[K[30d(B[0;7m N(B[m No    [17G(B[0;7m^C(B[m Cancel[K[28;33H[?12l[?25h[?25l[1;119H[28;27H[1K (B[0;7m[ Error writing /path/to/writeup.txt/: No such file or directory ](B[m[K[29d(B[0;7m^G(B[m Get Help    (B[0;7m^O(B[m Write Out   (B[0;7m^W(B[m Where Is    (B[0;7m^K(B[m Cut Text    (B[0;7m^J(B[m Justify     (B[0;7m^C(B[m Cur Pos     (B[0;7mM-U(B[m Undo[106G(B[0;7mM-A(B[m Mark Text[30d(B[0;7m^X(B[m Exit[30;16H(B[0;7m^R(B[m Read File   (B[0;7m^\(B[m Replace     (B[0;7m^U(B[m Uncut Text  (B[0;7m^T(B[m To Spell    (B[0;7m^_(B[m Go To Line  (B[0;7mM-E(B[m Redo[106G(B[0;7mM-6(B[m Copy Text[28d[3;20H[?12l[?25h[?25l[28d[K[29;2H(B[0;7mL(B[m Refresh[14X[29;25H(B[0;7m^W(B[m Where Is             (B[0;7m^P(B[m Prev Line            (B[0;7m^Y(B[m Prev Page            (B[0;7mM-\(B[m First Line[K[30;4HClose[16G         (B[0;7mM-W(B[m WhereIs Next        (B[0;7m^N(B[m Next Line            (B[0;7m^V(B[m Next Page            (B[0;7mM-/(B[m Last Line[K[28d[1;3H(B[0;7m              [1;52HMain nano help text   [1;111H        (B[m[3d[39;49m(B[m The nano editor is designed to emulate the functionality and ease-of-use[4d of the UW Pico text editor.  There are four main sections of the editor.[5d The top line shows the program version, the current filename being[6d edited, and whether or not the file has been modified.  Next is the main[7d editor window showing the file being edited.  The status line is the[8d third line from the bottom and shows important messages.  The bottom two[9d lines show the most commonly used shortcuts in the editor.[11d Shortcuts are written as follows: Control-key sequences are notated with[12d a (B[0;1m[31m'^'[39m(B[m and can be entered either by using the Ctrl key or pressing the Esc[13d key twice.  Meta-key sequences are notated with (B[0;1m[31m'M-'[39m(B[m and can be entered[14d using either the Alt, Cmd, or Esc key, depending on your keyboard setup.[15d Also, pressing Esc twice and then typing a three-digit decimal number[16d from 000 to 255 will enter the character with the corresponding value.[17d The following keystrokes are available in the main editor window.[18d Alternative keys are shown in parentheses:[20d[36m^G[39m(B[m    ([36mF1[39m(B[m)[17GDisplay this help text[21d[36m^X[39m(B[m    ([36mF2[39m(B[m)[17GClose the current file buffer / Exit from nano[22d[36m^O[39m(B[m    ([36mF3[39m(B[m)[17GWrite the current file to disk[23d[36m^R[39m(B[m    ([36mF5[39m(B[m)[17GInsert another file into the current one[25d[36m^W[39m(B[m    ([36mF6[39m(B[m)[17GSearch forward for a string or a regular expression[26d[36m^\[39m(B[m    ([36mM-R[39m(B[m)     Replace a string or a regular expression[27d[36m^K[39m(B[m    ([36mF9[39m(B[m)[17GCut the current line and store it in the cutbuffer[3d[29;2H(B[0;7mG(B[m Get Help    (B[0;7m^O(B[m Write Out   (B[0;7m^W(B[m Where Is    (B[0;7m^K(B[m Cut Text    (B[0;7m^J(B[m Justify     (B[0;7m^C(B[m Cur Pos     (B[0;7mM-U(B[m Undo       (B[0;7mM-A(B[m Mark Text[30;4HExit [16G(B[0;7m^R(B[m Read File   (B[0;7m^\(B[m Replace     (B[0;7m^U(B[m Uncut Text  (B[0;7m^T(B[m To Spell    (B[0;7m^_(B[m Go To Line  (B[0;7mM-E(B[m Redo       (B[0;7mM-6(B[m Copy Text[28d[H[2J(B[0;7m                                                   Main nano help text                                                  [3;2H(B[mThe nano editor is designed to emulate the functionality and ease-of-use[4d of the UW Pico text editor.  There are four main sections of the editor.[5d The top line shows the program version, the current filename being[6d edited, and whether or not the file has been modified.  Next is the main[7d editor window showing the file being edited.  The status line is the[8d third line from the bottom and shows important messages.  The bottom two[9d lines show the most commonly used shortcuts in the editor.[11d Shortcuts are written as follows: Control-key sequences are notated with[12d a (B[0;1m[31m'^'[39m(B[m and can be entered either by using the Ctrl key or pressing the Esc[13d key twice.  Meta-key sequences are notated with (B[0;1m[31m'M-'[39m(B[m and can be entered[14d using either the Alt, Cmd, or Esc key, depending on your keyboard setup.[15d Also, pressing Esc twice and then typing a three-digit decimal number[16d from 000 to 255 will enter the character with the corresponding value.[17d The following keystrokes are available in the main editor window.[18d Alternative keys are shown in parentheses:[20d[36m^G[39m(B[m    ([36mF1[39m(B[m)[17GDisplay this help text[21d[36m^X[39m(B[m    ([36mF2[39m(B[m)[17GClose the current file buffer / Exit from nano[22d[36m^O[39m(B[m    ([36mF3[39m(B[m)[17GWrite the current file to disk[23d[36m^R[39m(B[m    ([36mF5[39m(B[m)[17GInsert another file into the current one[25d[36m^W[39m(B[m    ([36mF6[39m(B[m)[17GSearch forward for a string or a regular expression[26d[36m^\[39m(B[m    ([36mM-R[39m(B[m)     Replace a string or a regular expression[27d[36m^K[39m(B[m    ([36mF9[39m(B[m)[17GCut the current line and store it in the cutbuffer[29d(B[0;7m^G(B[m Get Help    (B[0;7m^O(B[m Write Out   (B[0;7m^W(B[m Where Is    (B[0;7m^K(B[m Cut Text    (B[0;7m^J(B[m Justify     (B[0;7m^C(B[m Cur Pos     (B[0;7mM-U(B[m Undo[106G(B[0;7mM-A(B[m Mark Text[30d(B[0;7m^X(B[m Exit[30;16H(B[0;7m^R(B[m Read File   (B[0;7m^\(B[m Replace     (B[0;7m^U(B[m Uncut Text  (B[0;7m^T(B[m To Spell    (B[0;7m^_(B[m Go To Line  (B[0;7mM-E(B[m Redo[106G(B[0;7mM-6(B[m Copy Text[28d[1;3H(B[0;7mGNU nano 2.9.3[1;52H  /path/to/writeup.txt[1;111HModified(B[m[3d[39;49m(B[m1) Alex Schwendeman[K[4d[K[5d[K[6d[K[7d[K[8d[K[9d[K[11d[K[12d[K[13d[K[14d[K[15d[K[16d[K[17d[K[18d[K[20d[K[21d[K[22d[K[23d[K[25d[K[26d[K[27d[K[28d[3;20H[?12l[?25h[?25l[29;16H[15X[29;31H(B[0;7mM-D(B[m DOS Format[16X[29;61H(B[0;7mM-A(B[m Append[15X[29;93H(B[0;7mB(B[m Backup File[K[30;2H(B[0;7mC(B[m Cancel[16G[15X[30;31H(B[0;7mM-M(B[m Mac Format[16X[30;61H(B[0;7mM-P(B[m Prepend[19X[30;91H(B[0;7m^T(B[m To Files[K[28d(B[0;7mFile Name to Write: /path/to/writeup.txt                                                                                [28;1H(B[m[28;41H[?12l[?25h[?25l(B[0;7m (B[m[28;40H[?12l[?25h[?25l(B[0;7m (B[m[28;39H[?12l[?25h[?25l(B[0;7m (B[m[28;38H[?12l[?25h[?25l(B[0;7m (B[m[28;37H[?12l[?25h[?25l(B[0;7m (B[m[28;36H[?12l[?25h[?25l(B[0;7m (B[m[28;35H[?12l[?25h[?25l(B[0;7m (B[m[28;34H[?12l[?25h[?25l(B[0;7m (B[m[28;33H[?12l[?25h[?25l(B[0;7m (B[m[28;32H[?12l[?25h[?25l(B[0;7m (B[m[28;31H[?12l[?25h[?25l(B[0;7m (B[m[28;30H[?12l[?25h[?25l(B[0;7m (B[m[28;29H[?12l[?25h[?25l(B[0;7m (B[m[28;28H[?12l[?25h[?25l(B[0;7m (B[m[28;27H[?12l[?25h[?25l(B[0;7m (B[m[28;26H[?12l[?25h[?25l(B[0;7m (B[m[28;25H[?12l[?25h[?25l(B[0;7m (B[m[28;24H[?12l[?25h[?25l(B[0;7m (B[m[28;23H[?12l[?25h[?25l(B[0;7m (B[m[28;22H[?12l[?25h[?25l(B[0;7m (B[m[28;21H[?12l[?25h[?25l[28;21H[?12l[?25h[?25l(B[0;7mw(B[m[28;22H[?12l[?25h[?25l(B[0;7mr(B[m[28;23H[?12l[?25h[?25l(B[0;7mi(B[m[28;24H[?12l[?25h[?25l(B[0;7mt(B[m[28;25H[?12l[?25h[?25l(B[0;7me(B[m[28;26H[?12l[?25h[?25l(B[0;7mu(B[m[28;27H[?12l[?25h[?25l(B[0;7mp(B[m[28;28H[?12l[?25h[?25l(B[0;7m.(B[m[28;29H[?12l[?25h[?25l(B[0;7mt(B[m[28;30H[?12l[?25h[?25l(B[0;7mx(B[m[28;31H[?12l[?25h[?25l(B[0;7mt(B[m[28;32H[?12l[?25h[?25l(B[0;7mSave file under DIFFERENT NAME?[29d Y(B[m Yes[K[30d(B[0;7m N(B[m No    [17G(B[0;7m^C(B[m Cancel[K[28;33H[?12l[?25h[?25l[29d(B[0;7m^G(B[m Get Help[29;31H(B[0;7mM-D(B[m DOS Format[29;61H(B[0;7mM-A(B[m Append[29;91H(B[0;7mM-B(B[m Backup File[30d(B[0;7m^C(B[m Cancel[17G[14X[30;31H(B[0;7mM-M(B[m Mac Format[30;61H(B[0;7mM-P(B[m Prepend[30;91H(B[0;7m^T(B[m To Files[28d(B[0;7mFile Name to Write: writeup.txt(B[m[28;32H[?12l[?25h[?25l(B[0;7mSave file under DIFFERENT NAME?[29d Y(B[m Yes[K[30d(B[0;7m N(B[m No    [17G(B[0;7m^C(B[m Cancel[K[28;33H[?12l[?25h[?25l(B[0;7mFile "writeup.txt" exists; OVERWRITE? (B[m[?12l[?25h[?25l[1;119H[1;54H[39;49m(B[0;7m    writeup.txt     [1;111H        (B[m[28;52H[1K (B[0;7m[ Wrote 1 line ](B[m[K[29d(B[0;7m^G(B[m Get Help    (B[0;7m^O(B[m Write Out   (B[0;7m^W(B[m Where Is    (B[0;7m^K(B[m Cut Text    (B[0;7m^J(B[m Justify     (B[0;7m^C(B[m Cur Pos     (B[0;7mM-U(B[m Undo[106G(B[0;7mM-A(B[m Mark Text[30d(B[0;7m^X(B[m Exit[30;16H(B[0;7m^R(B[m Read File   (B[0;7m^\(B[m Replace     (B[0;7m^U(B[m Uncut Text  (B[0;7m^T(B[m To Spell    (B[0;7m^_(B[m Go To Line  (B[0;7mM-E(B[m Redo[106G(B[0;7mM-6(B[m Copy Text[28d[3;20H[?12l[?25h[?25l[28d[J[30;120H[?12l[?25h[30;1H[?1049l[23;0;0t[?1l>schwena3@cf405-19:~/CSCI241/Lab1/lab-1-Alex-Schwendeman$ ls
build.gradle  settings.gradle  src  typescript	writeup.txt
schwena3@cf405-19:~/CSCI241/Lab1/lab-1-Alex-Schwendeman$ nanon[K writeup.txt
[?1049h[22;0;0t[1;30r(B[m[4l[?7h[39;49m[?1h=[?1h=[?1h=[?25l[39;49m(B[m[H[2J[28;53H(B[0;7m[ Reading File ](B[m[28;59H(B[0;7m 1 line ](B[m[K[H(B[0;7m  GNU nano 2.9.3                                         writeup.txt                                                    [1;119H(B[m[29d(B[0;7m^G(B[m Get Help    (B[0;7m^O(B[m Write Out   (B[0;7m^W(B[m Where Is    (B[0;7m^K(B[m Cut Text    (B[0;7m^J(B[m Justify     (B[0;7m^C(B[m Cur Pos     (B[0;7mM-U(B[m Undo[106G(B[0;7mM-A(B[m Mark Text[30d(B[0;7m^X(B[m Exit[30;16H(B[0;7m^R(B[m Read File   (B[0;7m^\(B[m Replace     (B[0;7m^U(B[m Uncut Text  (B[0;7m^T(B[m To Spell    (B[0;7m^_(B[m Go To Line  (B[0;7mM-E(B[m Redo[106G(B[0;7mM-6(B[m Copy Text[28d[3d[39;49m(B[m1) Alex Schwendeman[?12l[?25h[?25l[4d[?12l[?25h[?25l[?12l[?25h[?25l[3;20H[?12l[?25h[?25l[4d[?12l[?25h[?25l[3;20H[?12l[?25h[?25l[4d[?12l[?25h[?25l[?12l[?25h[?25l[3;20H[?12l[?25h[?25l[?12l[?25h[?25ln[?12l[?25h[?25l[4d[?12l[?25h[?25l[?12l[?25h[?25l[?12l[?25h[?25l[?12l[?25h[?25l[?12l[?25h[?25l[28d[J[30;120H[?12l[?25h[30;1H[?1049l[23;0;0t[?1l>schwena3@cf405-19:~/CSCI241/Lab1/lab-1-Alex-Schwendeman$ git add writeup.txt
schwena3@cf405-19:~/CSCI241/Lab1/lab-1-Alex-Schwendeman$ git push[K[K[K[Kcommit -m "Added part 1 (names) to writeup"
[master ffd3cea] Added part 1 (names) to writeup
 1 file changed, 1 insertion(+)
schwena3@cf405-19:~/CSCI241/Lab1/lab-1-Alex-Schwendeman$ git status
On branch master
Your branch is ahead of 'origin/master' by 1 commit.
  (use "git push" to publish your local commits)

Untracked files:
  (use "git add <file>..." to include in what will be committed)

	[31mtypescript[m

nothing added to commit but untracked files present (use "git add" to track)
schwena3@cf405-19:~/CSCI241/Lab1/lab-1-Alex-Schwendeman$ ls
build.gradle  settings.gradle  src  typescript	writeup.txt
schwena3@cf405-19:~/CSCI241/Lab1/lab-1-Alex-Schwendeman$ nano writeup.txt
[?1049h[22;0;0t[1;30r(B[m[4l[?7h[39;49m[?1h=[?1h=[?1h=[?25l[39;49m(B[m[H[2J[28;53H(B[0;7m[ Reading File ](B[m[28;59H(B[0;7m 1 line ](B[m[K[H(B[0;7m  GNU nano 2.9.3                                         writeup.txt                                                    [1;119H(B[m[29d(B[0;7m^G(B[m Get Help    (B[0;7m^O(B[m Write Out   (B[0;7m^W(B[m Where Is    (B[0;7m^K(B[m Cut Text    (B[0;7m^J(B[m Justify     (B[0;7m^C(B[m Cur Pos     (B[0;7mM-U(B[m Undo[106G(B[0;7mM-A(B[m Mark Text[30d(B[0;7m^X(B[m Exit[30;16H(B[0;7m^R(B[m Read File   (B[0;7m^\(B[m Replace     (B[0;7m^U(B[m Uncut Text  (B[0;7m^T(B[m To Spell    (B[0;7m^_(B[m Go To Line  (B[0;7mM-E(B[m Redo[106G(B[0;7